Archive member included to satisfy reference by file (symbol)

/mnt/nas/0000_cloude/cc1310/upgrade/gcc/simplelink_cc13x0_sdk_4_20_02_07/source/ti/display/lib/display.am3g(DisplayUart.om3g)
                              CC1310_LAUNCHXL.obj (DisplayUartMin_fxnTable)
/mnt/nas/0000_cloude/cc1310/upgrade/gcc/simplelink_cc13x0_sdk_4_20_02_07/source/ti/drivers/rf/lib/rf_multiMode_cc13x0.am3g(RFCC26XX_multiMode.om3g)
                              EasyLink_nortos.obj (RF_open)
/mnt/nas/0000_cloude/cc1310/upgrade/gcc/simplelink_cc13x0_sdk_4_20_02_07/source/ti/drivers/lib/drivers_cc13x0.am3g(NVSSPI25X.om3g)
                              CC1310_LAUNCHXL.obj (NVSSPI25X_fxnTable)
/mnt/nas/0000_cloude/cc1310/upgrade/gcc/simplelink_cc13x0_sdk_4_20_02_07/source/ti/drivers/lib/drivers_cc13x0.am3g(SDSPI.om3g)
                              CC1310_LAUNCHXL.obj (SDSPI_fxnTable)
/mnt/nas/0000_cloude/cc1310/upgrade/gcc/simplelink_cc13x0_sdk_4_20_02_07/source/ti/drivers/lib/drivers_cc13x0.am3g(List.om3g)
                              /mnt/nas/0000_cloude/cc1310/upgrade/gcc/simplelink_cc13x0_sdk_4_20_02_07/source/ti/drivers/rf/lib/rf_multiMode_cc13x0.am3g(RFCC26XX_multiMode.om3g) (List_clearList)
/mnt/nas/0000_cloude/cc1310/upgrade/gcc/simplelink_cc13x0_sdk_4_20_02_07/source/ti/drivers/lib/drivers_cc13x0.am3g(ADCCC26XX.om3g)
                              CC1310_LAUNCHXL.obj (ADCCC26XX_fxnTable)
/mnt/nas/0000_cloude/cc1310/upgrade/gcc/simplelink_cc13x0_sdk_4_20_02_07/source/ti/drivers/lib/drivers_cc13x0.am3g(ADCBufCC26XX.om3g)
                              CC1310_LAUNCHXL.obj (ADCBufCC26XX_fxnTable)
/mnt/nas/0000_cloude/cc1310/upgrade/gcc/simplelink_cc13x0_sdk_4_20_02_07/source/ti/drivers/lib/drivers_cc13x0.am3g(UDMACC26XX.om3g)
                              /mnt/nas/0000_cloude/cc1310/upgrade/gcc/simplelink_cc13x0_sdk_4_20_02_07/source/ti/drivers/lib/drivers_cc13x0.am3g(ADCBufCC26XX.om3g) (UDMACC26XX_open)
/mnt/nas/0000_cloude/cc1310/upgrade/gcc/simplelink_cc13x0_sdk_4_20_02_07/source/ti/drivers/lib/drivers_cc13x0.am3g(GPIOCC26XX.om3g)
                              /mnt/nas/0000_cloude/cc1310/upgrade/gcc/simplelink_cc13x0_sdk_4_20_02_07/source/ti/drivers/lib/drivers_cc13x0.am3g(NVSSPI25X.om3g) (GPIO_setConfig)
/mnt/nas/0000_cloude/cc1310/upgrade/gcc/simplelink_cc13x0_sdk_4_20_02_07/source/ti/drivers/lib/drivers_cc13x0.am3g(I2CCC26XX.om3g)
                              CC1310_LAUNCHXL.obj (I2CCC26XX_fxnTable)
/mnt/nas/0000_cloude/cc1310/upgrade/gcc/simplelink_cc13x0_sdk_4_20_02_07/source/ti/drivers/lib/drivers_cc13x0.am3g(NVSCC26XX.om3g)
                              CC1310_LAUNCHXL.obj (NVSCC26XX_fxnTable)
/mnt/nas/0000_cloude/cc1310/upgrade/gcc/simplelink_cc13x0_sdk_4_20_02_07/source/ti/drivers/lib/drivers_cc13x0.am3g(PINCC26XX.om3g)
                              CC1310_LAUNCHXL.obj (PIN_init)
/mnt/nas/0000_cloude/cc1310/upgrade/gcc/simplelink_cc13x0_sdk_4_20_02_07/source/ti/drivers/lib/drivers_cc13x0.am3g(PowerCC26XX.om3g)
                              /mnt/nas/0000_cloude/cc1310/upgrade/gcc/simplelink_cc13x0_sdk_4_20_02_07/source/ti/drivers/lib/drivers_cc13x0.am3g(UDMACC26XX.om3g) (Power_getDependencyCount)
/mnt/nas/0000_cloude/cc1310/upgrade/gcc/simplelink_cc13x0_sdk_4_20_02_07/source/ti/drivers/lib/drivers_cc13x0.am3g(PowerCC26XX_calibrateRCOSC.om3g)
                              /mnt/nas/0000_cloude/cc1310/upgrade/gcc/simplelink_cc13x0_sdk_4_20_02_07/source/ti/drivers/lib/drivers_cc13x0.am3g(PowerCC26XX.om3g) (PowerCC26XX_initiateCalibration)
/mnt/nas/0000_cloude/cc1310/upgrade/gcc/simplelink_cc13x0_sdk_4_20_02_07/source/ti/drivers/lib/drivers_cc13x0.am3g(PWMTimerCC26XX.om3g)
                              CC1310_LAUNCHXL.obj (PWMTimerCC26XX_fxnTable)
/mnt/nas/0000_cloude/cc1310/upgrade/gcc/simplelink_cc13x0_sdk_4_20_02_07/source/ti/drivers/lib/drivers_cc13x0.am3g(SPI.om3g)
                              /mnt/nas/0000_cloude/cc1310/upgrade/gcc/simplelink_cc13x0_sdk_4_20_02_07/source/ti/drivers/lib/drivers_cc13x0.am3g(NVSSPI25X.om3g) (SPI_close)
/mnt/nas/0000_cloude/cc1310/upgrade/gcc/simplelink_cc13x0_sdk_4_20_02_07/source/ti/drivers/lib/drivers_cc13x0.am3g(SPICC26XXDMA.om3g)
                              CC1310_LAUNCHXL.obj (SPICC26XXDMA_fxnTable)
/mnt/nas/0000_cloude/cc1310/upgrade/gcc/simplelink_cc13x0_sdk_4_20_02_07/source/ti/drivers/lib/drivers_cc13x0.am3g(GPTimerCC26XX.om3g)
                              /mnt/nas/0000_cloude/cc1310/upgrade/gcc/simplelink_cc13x0_sdk_4_20_02_07/source/ti/drivers/lib/drivers_cc13x0.am3g(ADCBufCC26XX.om3g) (GPTimerCC26XX_Params_init)
/mnt/nas/0000_cloude/cc1310/upgrade/gcc/simplelink_cc13x0_sdk_4_20_02_07/source/ti/drivers/lib/drivers_cc13x0.am3g(UART.om3g)
                              /mnt/nas/0000_cloude/cc1310/upgrade/gcc/simplelink_cc13x0_sdk_4_20_02_07/source/ti/display/lib/display.am3g(DisplayUart.om3g) (UART_close)
/mnt/nas/0000_cloude/cc1310/upgrade/gcc/simplelink_cc13x0_sdk_4_20_02_07/source/ti/drivers/lib/drivers_cc13x0.am3g(UARTCC26XX.om3g)
[...]
Memory Configuration

Name             Origin             Length             Attributes
FLASH            0x00000000         0x0001ffa8         xr
FLASH_CCFG       0x0001ffa8         0x00000058         xr
SRAM             0x20000000         0x00005000         xrw
*default*        0x00000000         0xffffffff

Linker script and memory map

LOAD easylink_config.obj
LOAD EasyLink_nortos.obj
LOAD main_nortos.obj
LOAD smartrf_settings.obj
LOAD smartrf_settings_predefined.obj
LOAD rfEasyLinkRx_nortos.obj
LOAD CC1310_LAUNCHXL.obj
LOAD CC1310_LAUNCHXL_fxns.obj
LOAD ccfg.obj
                0x00000400                        STACKSIZE = 0x400
                0x00000100                        HEAPSIZE = 0x100
                0x00000000                        PROVIDE (_resetVecs_base_address = DEFINED (_resetVecs_base_address)?_resetVecs_base_address:0x0)

.resetVecs      0x00000000       0x40
 *(.resetVecs)
 .resetVecs     0x00000000       0x40 /mnt/nas/0000_cloude/cc1310/upgrade/gcc/simplelink_cc13x0_sdk_4_20_02_07/kernel/nortos/lib/nortos_cc13x0.am3g(startup_cc13xx_cc26xx_gcc.om3g)

.ramVecs
 *(.ramVecs)
                0x20000400                        UDMACC26XX_CONFIG_BASE = 0x20000400
                0x20000430                        DMA_SPI0_RX_CONTROL_TABLE_ENTRY_ADDRESS = (UDMACC26XX_CONFIG_BASE + 0x30)
                0x20000440                        DMA_SPI0_TX_CONTROL_TABLE_ENTRY_ADDRESS = (UDMACC26XX_CONFIG_BASE + 0x40)
                0x20000470                        DMA_ADC_PRI_CONTROL_TABLE_ENTRY_ADDRESS = (UDMACC26XX_CONFIG_BASE + 0x70)
                0x20000490                        DMA_GPT0A_PRI_CONTROL_TABLE_ENTRY_ADDRESS = (UDMACC26XX_CONFIG_BASE + 0x90)
                0x20000500                        DMA_SPI1_RX_CONTROL_TABLE_ENTRY_ADDRESS = (UDMACC26XX_CONFIG_BASE + 0x100)
                0x20000510                        DMA_SPI1_TX_CONTROL_TABLE_ENTRY_ADDRESS = (UDMACC26XX_CONFIG_BASE + 0x110)
                0x20000670                        DMA_ADC_ALT_CONTROL_TABLE_ENTRY_ADDRESS = (UDMACC26XX_CONFIG_BASE + 0x270)
                0x20000690                        DMA_GPT0A_ALT_CONTROL_TABLE_ENTRY_ADDRESS = (UDMACC26XX_CONFIG_BASE + 0x290)
                0x00000000                        UDMACC26XX_dmaSpi0RxControlTableEntry_is_placed = 0x0

.dmaSpi0RxControlTableEntry
 *(.dmaSpi0RxControlTableEntry)
                0x00000000                        UDMACC26XX_dmaSpi0TxControlTableEntry_is_placed = 0x0

.dmaSpi0TxControlTableEntry
 *(.dmaSpi0TxControlTableEntry)
                0x00000000                        UDMACC26XX_dmaADCPriControlTableEntry_is_placed = 0x0

.dmaADCPriControlTableEntry
 *(.dmaADCPriControlTableEntry)
                0x00000000                        UDMACC26XX_dmaGPT0APriControlTableEntry_is_placed = 0x0

.dmaGPT0APriControlTableEntry
 *(.dmaGPT0APriControlTableEntry)
                0x00000000                        UDMACC26XX_dmaSpi1RxControlTableEntry_is_placed = 0x0

.dmaSpi1RxControlTableEntry
 *(.dmaSpi1RxControlTableEntry)
                0x00000000                        UDMACC26XX_dmaSpi1TxControlTableEntry_is_placed = 0x0

.dmaSpi1TxControlTableEntry
 *(.dmaSpi1TxControlTableEntry)
                0x00000000                        UDMACC26XX_dmaADCAltControlTableEntry_is_placed = 0x0

.dmaADCAltControlTableEntry
 *(.dmaADCAltControlTableEntry)
                0x00000000                        UDMACC26XX_dmaGPT0AAltControlTableEntry_is_placed = 0x0

.dmaGPT0AAltControlTableEntry
 *(.dmaGPT0AAltControlTableEntry)

.text           0x00000040     0x9388
 CREATE_OBJECT_SYMBOLS
 *(.text)
 .text          0x00000040       0x30 /mnt/nas/0000_cloude/cc1310/upgrade/gcc/arm-gnu-toolchain-12.3.rel1-x86_64-arm-none-eabi/bin/../lib/gcc/arm-none-eabi/12.3.1/thumb/v7-m/nofp/libgcc.a(_aeabi_uldivmod.o)
                0x00000040                __aeabi_uldivmod
 .text          0x00000070        0x4 /mnt/nas/0000_cloude/cc1310/upgrade/gcc/arm-gnu-toolchain-12.3.rel1-x86_64-arm-none-eabi/bin/../lib/gcc/arm-none-eabi/12.3.1/thumb/v7-m/nofp/libgcc.a(_dvmd_tls.o)
                0x00000070                __aeabi_ldiv0
                0x00000070                __aeabi_idiv0
 *(.text.*)
 .text.ChipInfo_ChipFamilyIs_CC26x0
                0x00000074       0x18 EasyLink_nortos.obj
 .text.ChipInfo_ChipFamilyIs_CC26x0R2
                0x0000008c       0x18 EasyLink_nortos.obj
 .text.ChipInfo_ChipFamilyIs_CC13x2_CC26x2
                0x000000a4       0x18 EasyLink_nortos.obj
 .text.EasyLink_Params_init
                0x000000bc       0x30 EasyLink_nortos.obj
                0x000000bc                EasyLink_Params_init
 .text.createTxAdvFromTx
                0x000000ec       0x6e EasyLink_nortos.obj
                0x000000ec                createTxAdvFromTx
 *fill*         0x0000015a        0x2 
 .text.EasyLink_init
                0x0000015c      0x608 EasyLink_nortos.obj
                0x0000015c                EasyLink_init
 .text.EasyLink_setFrequency
                0x00000764      0x1c8 EasyLink_nortos.obj
                0x00000764                EasyLink_setFrequency
 .text.EasyLink_receive
                0x0000092c      0x2ac EasyLink_nortos.obj
                0x0000092c                EasyLink_receive
 .text.main     0x00000bd8       0x16 main_nortos.obj
                0x00000bd8                main
 *fill*         0x00000bee        0x2 
 .text.enterGenfskCpePatch
                0x00000bf0       0x28 smartrf_settings.obj
 .text.enterGenfskSysPatch
                0x00000c18        0xc smartrf_settings.obj
 .text.configureGenfskPatch
                0x00000c24       0xa4 smartrf_settings.obj
 .text.applyGenfskPatch
                0x00000cc8       0x14 smartrf_settings.obj
 .text.rf_patch_cpe_genfsk
                0x00000cdc        0xc smartrf_settings.obj
 .text.rf_patch_rfe_genfsk
                0x00000ce8      0x134 smartrf_settings.obj
 .text.enterGenfskCpePatch
                0x00000e1c       0x28 smartrf_settings_predefined.obj
 .text.enterGenfskSysPatch
                0x00000e44        0xc smartrf_settings_predefined.obj
 .text.configureGenfskPatch
                0x00000e50       0xa4 smartrf_settings_predefined.obj
 .text.applyGenfskPatch
                0x00000ef4       0x14 smartrf_settings_predefined.obj
 .text.rf_patch_cpe_genfsk
                0x00000f08        0xc smartrf_settings_predefined.obj
 .text.rf_patch_rfe_genfsk
                0x00000f14      0x134 smartrf_settings_predefined.obj
 .text.enterLrmCpePatch
                0x00001048       0x28 smartrf_settings_predefined.obj
 .text.enterLrmSysPatch
                0x00001070        0xc smartrf_settings_predefined.obj
 .text.configureLrmPatch
                0x0000107c       0xa4 smartrf_settings_predefined.obj
 .text.applyLrmPatch
                0x00001120       0x14 smartrf_settings_predefined.obj
 .text.rf_patch_cpe_lrm
                0x00001134        0xc smartrf_settings_predefined.obj
 .text.rf_patch_rfe_lrm
                0x00001140      0x134 smartrf_settings_predefined.obj
 .text.enterSlLongrangeCpePatch
                0x00001274       0x28 smartrf_settings_predefined.obj
 .text.enterSlLongrangeSysPatch
                0x0000129c        0xc smartrf_settings_predefined.obj
 .text.configureSlLongrangePatch
                0x000012a8       0xa4 smartrf_settings_predefined.obj
 .text.applySlLongrangePatch
                0x0000134c       0x14 smartrf_settings_predefined.obj
 .text.rf_patch_cpe_sl_longrange
                0x00001360        0xc smartrf_settings_predefined.obj
 .text.rf_patch_mce_sl_longrange
                0x0000136c       0xd4 smartrf_settings_predefined.obj
 .text.rf_patch_rfe_sl_longrange
                0x00001440      0x134 smartrf_settings_predefined.obj
 .text.busy     0x00001574       0x26 rfEasyLinkRx_nortos.obj
 *fill*         0x0000159a        0x2 
 .text.blinkLed
                0x0000159c       0x48 rfEasyLinkRx_nortos.obj
 .text.jReset   0x000015e4       0x20 rfEasyLinkRx_nortos.obj
 .text.jC       0x00001604       0x48 rfEasyLinkRx_nortos.obj
 .text.jS       0x0000164c       0x2a rfEasyLinkRx_nortos.obj
 *fill*         0x00001676        0x2 
 .text.jU       0x00001678       0x8c rfEasyLinkRx_nortos.obj
 .text.jI       0x00001704       0x30 rfEasyLinkRx_nortos.obj
 .text.jH2      0x00001734       0x3c rfEasyLinkRx_nortos.obj
 .text.jFlush   0x00001770       0x40 rfEasyLinkRx_nortos.obj
 .text.line     0x000017b0       0x1e rfEasyLinkRx_nortos.obj
 *fill*         0x000017ce        0x2 
 .text.reasonStr
                0x000017d0       0x64 rfEasyLinkRx_nortos.obj
 .text.sendDataPacket
                0x00001834      0x22c rfEasyLinkRx_nortos.obj
 .text.sendHeartbeat
                0x00001a60       0x44 rfEasyLinkRx_nortos.obj
 .text.buttonCb
                0x00001aa4       0x28 rfEasyLinkRx_nortos.obj
 .text.mainThread
                0x00001acc      0x300 rfEasyLinkRx_nortos.obj
                0x00001acc                mainThread
 .text.CC1310_LAUNCHXL_initGeneral
                0x00001dcc       0x24 CC1310_LAUNCHXL.obj
                0x00001dcc                CC1310_LAUNCHXL_initGeneral
 .text.Board_init
                0x00001df0        0xc CC1310_LAUNCHXL.obj
                0x00001df0                Board_init
 .text.CC1310_LAUNCHXL_sendExtFlashByte
                0x00001dfc       0x80 CC1310_LAUNCHXL_fxns.obj
                0x00001dfc                CC1310_LAUNCHXL_sendExtFlashByte
 .text.CC1310_LAUNCHXL_wakeUpExtFlash
                0x00001e7c       0x58 CC1310_LAUNCHXL_fxns.obj
                0x00001e7c                CC1310_LAUNCHXL_wakeUpExtFlash
 .text.CC1310_LAUNCHXL_shutDownExtFlash
                0x00001ed4       0x50 CC1310_LAUNCHXL_fxns.obj
                0x00001ed4                CC1310_LAUNCHXL_shutDownExtFlash
 .text.Board_initHook
                0x00001f24        0xc CC1310_LAUNCHXL_fxns.obj
                0x00001f24                Board_initHook
 .text.RF_verifyGap
                0x00001f30       0x84 /mnt/nas/0000_cloude/cc1310/upgrade/gcc/simplelink_cc13x0_sdk_4_20_02_07/source/ti/drivers/rf/lib/rf_multiMode_cc13x0.am3g(RFCC26XX_multiMode.om3g)
 .text.RF_checkForPreemption
                0x00001fb4       0x80 /mnt/nas/0000_cloude/cc1310/upgrade/gcc/simplelink_cc13x0_sdk_4_20_02_07/source/ti/drivers/rf/lib/rf_multiMode_cc13x0.am3g(RFCC26XX_multiMode.om3g)
 .text.RF_initRadioSetup
                0x00002034       0x70 /mnt/nas/0000_cloude/cc1310/upgrade/gcc/simplelink_cc13x0_sdk_4_20_02_07/source/ti/drivers/rf/lib/rf_multiMode_cc13x0.am3g(RFCC26XX_multiMode.om3g)
 .text.RF_defaultCallback
                0x000020a4        0x4 /mnt/nas/0000_cloude/cc1310/upgrade/gcc/simplelink_cc13x0_sdk_4_20_02_07/source/ti/drivers/rf/lib/rf_multiMode_cc13x0.am3g(RFCC26XX_multiMode.om3g)
 .text.RF_cmdStoreEvents
                0x000020a8       0x38 /mnt/nas/0000_cloude/cc1310/upgrade/gcc/simplelink_cc13x0_sdk_4_20_02_07/source/ti/drivers/rf/lib/rf_multiMode_cc13x0.am3g(RFCC26XX_multiMode.om3g)
 .text.RF_queueEnd
                0x000020e0       0x30 /mnt/nas/0000_cloude/cc1310/upgrade/gcc/simplelink_cc13x0_sdk_4_20_02_07/source/ti/drivers/rf/lib/rf_multiMode_cc13x0.am3g(RFCC26XX_multiMode.om3g)
 .text.RF_issueRadioFreeCb
                0x00002110       0x7c /mnt/nas/0000_cloude/cc1310/upgrade/gcc/simplelink_cc13x0_sdk_4_20_02_07/source/ti/drivers/rf/lib/rf_multiMode_cc13x0.am3g(RFCC26XX_multiMode.om3g)
 .text.RF_clkReqAccess
                0x0000218c        0x8 /mnt/nas/0000_cloude/cc1310/upgrade/gcc/simplelink_cc13x0_sdk_4_20_02_07/source/ti/drivers/rf/lib/rf_multiMode_cc13x0.am3g(RFCC26XX_multiMode.om3g)
 .text.RF_syncCb
                0x00002194       0x88 /mnt/nas/0000_cloude/cc1310/upgrade/gcc/simplelink_cc13x0_sdk_4_20_02_07/source/ti/drivers/rf/lib/rf_multiMode_cc13x0.am3g(RFCC26XX_multiMode.om3g)
 .text.RF_applyRfCorePatch
                0x0000221c       0x74 /mnt/nas/0000_cloude/cc1310/upgrade/gcc/simplelink_cc13x0_sdk_4_20_02_07/source/ti/drivers/rf/lib/rf_multiMode_cc13x0.am3g(RFCC26XX_multiMode.om3g)
 .text.RF_hwiHw
                0x00002290       0x70 /mnt/nas/0000_cloude/cc1310/upgrade/gcc/simplelink_cc13x0_sdk_4_20_02_07/source/ti/drivers/rf/lib/rf_multiMode_cc13x0.am3g(RFCC26XX_multiMode.om3g)
 .text.RF_swiFsm
                0x00002300       0x24 /mnt/nas/0000_cloude/cc1310/upgrade/gcc/simplelink_cc13x0_sdk_4_20_02_07/source/ti/drivers/rf/lib/rf_multiMode_cc13x0.am3g(RFCC26XX_multiMode.om3g)
 .text.RF_discardPendCmd
                0x00002324       0xa8 /mnt/nas/0000_cloude/cc1310/upgrade/gcc/simplelink_cc13x0_sdk_4_20_02_07/source/ti/drivers/rf/lib/rf_multiMode_cc13x0.am3g(RFCC26XX_multiMode.om3g)
 .text.RF_abortCmd
                0x000023cc      0x194 /mnt/nas/0000_cloude/cc1310/upgrade/gcc/simplelink_cc13x0_sdk_4_20_02_07/source/ti/drivers/rf/lib/rf_multiMode_cc13x0.am3g(RFCC26XX_multiMode.om3g)
 .text.RF_fsmXOSCState
                0x00002560       0x68 /mnt/nas/0000_cloude/cc1310/upgrade/gcc/simplelink_cc13x0_sdk_4_20_02_07/source/ti/drivers/rf/lib/rf_multiMode_cc13x0.am3g(RFCC26XX_multiMode.om3g)
 .text.RF_hwiCpe0ChangePhy
                0x000025c8       0x24 /mnt/nas/0000_cloude/cc1310/upgrade/gcc/simplelink_cc13x0_sdk_4_20_02_07/source/ti/drivers/rf/lib/rf_multiMode_cc13x0.am3g(RFCC26XX_multiMode.om3g)
 .text.RF_fsmSetupState
                0x000025ec      0x168 /mnt/nas/0000_cloude/cc1310/upgrade/gcc/simplelink_cc13x0_sdk_4_20_02_07/source/ti/drivers/rf/lib/rf_multiMode_cc13x0.am3g(RFCC26XX_multiMode.om3g)
 .text.RF_wakeupNotification
                0x00002754       0x58 /mnt/nas/0000_cloude/cc1310/upgrade/gcc/simplelink_cc13x0_sdk_4_20_02_07/source/ti/drivers/rf/lib/rf_multiMode_cc13x0.am3g(RFCC26XX_multiMode.om3g)
 .text.RF_pendCmd.part.16
                0x000027ac       0xcc /mnt/nas/0000_cloude/cc1310/upgrade/gcc/simplelink_cc13x0_sdk_4_20_02_07/source/ti/drivers/rf/lib/rf_multiMode_cc13x0.am3g(RFCC26XX_multiMode.om3g)
 .text.RF_powerConstraintSet
                0x00002878       0x1c /mnt/nas/0000_cloude/cc1310/upgrade/gcc/simplelink_cc13x0_sdk_4_20_02_07/source/ti/drivers/rf/lib/rf_multiMode_cc13x0.am3g(RFCC26XX_multiMode.om3g)
                0x00002878                RF_powerConstraintSet
 .text.RF_ratRestartChannels
                0x00002894       0xb0 /mnt/nas/0000_cloude/cc1310/upgrade/gcc/simplelink_cc13x0_sdk_4_20_02_07/source/ti/drivers/rf/lib/rf_multiMode_cc13x0.am3g(RFCC26XX_multiMode.om3g)
 .text.RF_powerConstraintRelease
                0x00002944       0x34 /mnt/nas/0000_cloude/cc1310/upgrade/gcc/simplelink_cc13x0_sdk_4_20_02_07/source/ti/drivers/rf/lib/rf_multiMode_cc13x0.am3g(RFCC26XX_multiMode.om3g)
                0x00002944                RF_powerConstraintRelease
 .text.RF_clkInactivityCallback
                0x00002978       0x1c /mnt/nas/0000_cloude/cc1310/upgrade/gcc/simplelink_cc13x0_sdk_4_20_02_07/source/ti/drivers/rf/lib/rf_multiMode_cc13x0.am3g(RFCC26XX_multiMode.om3g)
 .text.RF_radioOpDoneCb
                0x00002994      0x154 /mnt/nas/0000_cloude/cc1310/upgrade/gcc/simplelink_cc13x0_sdk_4_20_02_07/source/ti/drivers/rf/lib/rf_multiMode_cc13x0.am3g(RFCC26XX_multiMode.om3g)
 .text.RF_ratFreeChannel
                0x00002ae8       0x9c /mnt/nas/0000_cloude/cc1310/upgrade/gcc/simplelink_cc13x0_sdk_4_20_02_07/source/ti/drivers/rf/lib/rf_multiMode_cc13x0.am3g(RFCC26XX_multiMode.om3g)
 .text.RF_swiHw
                0x00002b84       0xd0 /mnt/nas/0000_cloude/cc1310/upgrade/gcc/simplelink_cc13x0_sdk_4_20_02_07/source/ti/drivers/rf/lib/rf_multiMode_cc13x0.am3g(RFCC26XX_multiMode.om3g)
 .text.RF_open  0x00002c54      0x254 /mnt/nas/0000_cloude/cc1310/upgrade/gcc/simplelink_cc13x0_sdk_4_20_02_07/source/ti/drivers/rf/lib/rf_multiMode_cc13x0.am3g(RFCC26XX_multiMode.om3g)
                0x00002c54                RF_open
 .text.RF_close
                0x00002ea8      0x13c /mnt/nas/0000_cloude/cc1310/upgrade/gcc/simplelink_cc13x0_sdk_4_20_02_07/source/ti/drivers/rf/lib/rf_multiMode_cc13x0.am3g(RFCC26XX_multiMode.om3g)
                0x00002ea8                RF_close
 .text.RF_getCurrentTime
                0x00002fe4       0x80 /mnt/nas/0000_cloude/cc1310/upgrade/gcc/simplelink_cc13x0_sdk_4_20_02_07/source/ti/drivers/rf/lib/rf_multiMode_cc13x0.am3g(RFCC26XX_multiMode.om3g)
                0x00002fe4                RF_getCurrentTime
 .text.RF_cmdDispatchTime
                0x00003064       0x84 /mnt/nas/0000_cloude/cc1310/upgrade/gcc/simplelink_cc13x0_sdk_4_20_02_07/source/ti/drivers/rf/lib/rf_multiMode_cc13x0.am3g(RFCC26XX_multiMode.om3g)
 .text.RF_dispatchNextCmd
                0x000030e8      0x128 /mnt/nas/0000_cloude/cc1310/upgrade/gcc/simplelink_cc13x0_sdk_4_20_02_07/source/ti/drivers/rf/lib/rf_multiMode_cc13x0.am3g(RFCC26XX_multiMode.om3g)
 .text.RF_hwiCpe0Active
                0x00003210       0xbc /mnt/nas/0000_cloude/cc1310/upgrade/gcc/simplelink_cc13x0_sdk_4_20_02_07/source/ti/drivers/rf/lib/rf_multiMode_cc13x0.am3g(RFCC26XX_multiMode.om3g)
 .text.RF_hwiCpe0PowerFsm
                0x000032cc       0x88 /mnt/nas/0000_cloude/cc1310/upgrade/gcc/simplelink_cc13x0_sdk_4_20_02_07/source/ti/drivers/rf/lib/rf_multiMode_cc13x0.am3g(RFCC26XX_multiMode.om3g)
 .text.RF_calculateDispatchTime
                0x00003354       0xd8 /mnt/nas/0000_cloude/cc1310/upgrade/gcc/simplelink_cc13x0_sdk_4_20_02_07/source/ti/drivers/rf/lib/rf_multiMode_cc13x0.am3g(RFCC26XX_multiMode.om3g)
 .text.RF_dispatchNextEvent
                0x0000342c       0x74 /mnt/nas/0000_cloude/cc1310/upgrade/gcc/simplelink_cc13x0_sdk_4_20_02_07/source/ti/drivers/rf/lib/rf_multiMode_cc13x0.am3g(RFCC26XX_multiMode.om3g)
 .text.RF_fsmPowerUpState
                0x000034a0      0x11c /mnt/nas/0000_cloude/cc1310/upgrade/gcc/simplelink_cc13x0_sdk_4_20_02_07/source/ti/drivers/rf/lib/rf_multiMode_cc13x0.am3g(RFCC26XX_multiMode.om3g)
 .text.RF_fsmActiveState
                0x000035bc      0x548 /mnt/nas/0000_cloude/cc1310/upgrade/gcc/simplelink_cc13x0_sdk_4_20_02_07/source/ti/drivers/rf/lib/rf_multiMode_cc13x0.am3g(RFCC26XX_multiMode.om3g)
 .text.RF_clkPowerUp
                0x00003b04       0x24 /mnt/nas/0000_cloude/cc1310/upgrade/gcc/simplelink_cc13x0_sdk_4_20_02_07/source/ti/drivers/rf/lib/rf_multiMode_cc13x0.am3g(RFCC26XX_multiMode.om3g)
 .text.RF_postCmd
                0x00003b28       0xe0 /mnt/nas/0000_cloude/cc1310/upgrade/gcc/simplelink_cc13x0_sdk_4_20_02_07/source/ti/drivers/rf/lib/rf_multiMode_cc13x0.am3g(RFCC26XX_multiMode.om3g)
                0x00003b28                RF_postCmd
 .text.RF_scheduleCmd
                0x00003c08      0x28c /mnt/nas/0000_cloude/cc1310/upgrade/gcc/simplelink_cc13x0_sdk_4_20_02_07/source/ti/drivers/rf/lib/rf_multiMode_cc13x0.am3g(RFCC26XX_multiMode.om3g)
                0x00003c08                RF_scheduleCmd
 .text.RF_pendCmd
                0x00003e94       0x10 /mnt/nas/0000_cloude/cc1310/upgrade/gcc/simplelink_cc13x0_sdk_4_20_02_07/source/ti/drivers/rf/lib/rf_multiMode_cc13x0.am3g(RFCC26XX_multiMode.om3g)
                0x00003e94                RF_pendCmd
 .text.RF_runCmd
                0x00003ea4       0x30 /mnt/nas/0000_cloude/cc1310/upgrade/gcc/simplelink_cc13x0_sdk_4_20_02_07/source/ti/drivers/rf/lib/rf_multiMode_cc13x0.am3g(RFCC26XX_multiMode.om3g)
                0x00003ea4                RF_runCmd
 .text.RF_Params_init
                0x00003ed4       0x1c /mnt/nas/0000_cloude/cc1310/upgrade/gcc/simplelink_cc13x0_sdk_4_20_02_07/source/ti/drivers/rf/lib/rf_multiMode_cc13x0.am3g(RFCC26XX_multiMode.om3g)
                0x00003ed4                RF_Params_init
 .text.List_clearList
                0x00003ef0       0x18 /mnt/nas/0000_cloude/cc1310/upgrade/gcc/simplelink_cc13x0_sdk_4_20_02_07/source/ti/drivers/lib/drivers_cc13x0.am3g(List.om3g)
                0x00003ef0                List_clearList
 .text.List_get
                0x00003f08       0x28 /mnt/nas/0000_cloude/cc1310/upgrade/gcc/simplelink_cc13x0_sdk_4_20_02_07/source/ti/drivers/lib/drivers_cc13x0.am3g(List.om3g)
                0x00003f08                List_get
 .text.List_insert
                0x00003f30       0x30 /mnt/nas/0000_cloude/cc1310/upgrade/gcc/simplelink_cc13x0_sdk_4_20_02_07/source/ti/drivers/lib/drivers_cc13x0.am3g(List.om3g)
                0x00003f30                List_insert
 .text.List_put
                0x00003f60       0x2c /mnt/nas/0000_cloude/cc1310/upgrade/gcc/simplelink_cc13x0_sdk_4_20_02_07/source/ti/drivers/lib/drivers_cc13x0.am3g(List.om3g)
                0x00003f60                List_put
 .text.List_putHead
                0x00003f8c       0x2c /mnt/nas/0000_cloude/cc1310/upgrade/gcc/simplelink_cc13x0_sdk_4_20_02_07/source/ti/drivers/lib/drivers_cc13x0.am3g(List.om3g)
                0x00003f8c                List_putHead
 .text.List_remove
                0x00003fb8       0x30 /mnt/nas/0000_cloude/cc1310/upgrade/gcc/simplelink_cc13x0_sdk_4_20_02_07/source/ti/drivers/lib/drivers_cc13x0.am3g(List.om3g)
                0x00003fb8                List_remove
 .text.PIN_swi  0x00003fe8       0x40 /mnt/nas/0000_cloude/cc1310/upgrade/gcc/simplelink_cc13x0_sdk_4_20_02_07/source/ti/drivers/lib/drivers_cc13x0.am3g(PINCC26XX.om3g)
 .text.PIN_hwi  0x00004028       0x1c /mnt/nas/0000_cloude/cc1310/upgrade/gcc/simplelink_cc13x0_sdk_4_20_02_07/source/ti/drivers/lib/drivers_cc13x0.am3g(PINCC26XX.om3g)
 .text.PINCC26XX_setIoCfg
                0x00004044      0x14c /mnt/nas/0000_cloude/cc1310/upgrade/gcc/simplelink_cc13x0_sdk_4_20_02_07/source/ti/drivers/lib/drivers_cc13x0.am3g(PINCC26XX.om3g)
 .text.PIN_init
                0x00004190      0x200 /mnt/nas/0000_cloude/cc1310/upgrade/gcc/simplelink_cc13x0_sdk_4_20_02_07/source/ti/drivers/lib/drivers_cc13x0.am3g(PINCC26XX.om3g)
                0x00004190                PIN_init
 .text.PIN_remove
                0x00004390       0x6c /mnt/nas/0000_cloude/cc1310/upgrade/gcc/simplelink_cc13x0_sdk_4_20_02_07/source/ti/drivers/lib/drivers_cc13x0.am3g(PINCC26XX.om3g)
                0x00004390                PIN_remove
 .text.PIN_close
                0x000043fc       0x20 /mnt/nas/0000_cloude/cc1310/upgrade/gcc/simplelink_cc13x0_sdk_4_20_02_07/source/ti/drivers/lib/drivers_cc13x0.am3g(PINCC26XX.om3g)
                0x000043fc                PIN_close
 .text.PIN_setOutputEnable
                0x0000441c       0x48 /mnt/nas/0000_cloude/cc1310/upgrade/gcc/simplelink_cc13x0_sdk_4_20_02_07/source/ti/drivers/lib/drivers_cc13x0.am3g(PINCC26XX.om3g)
                0x0000441c                PIN_setOutputEnable
 .text.PIN_setOutputValue
                0x00004464       0x34 /mnt/nas/0000_cloude/cc1310/upgrade/gcc/simplelink_cc13x0_sdk_4_20_02_07/source/ti/drivers/lib/drivers_cc13x0.am3g(PINCC26XX.om3g)
                0x00004464                PIN_setOutputValue
 .text.PIN_registerIntCb
                0x00004498        0xc /mnt/nas/0000_cloude/cc1310/upgrade/gcc/simplelink_cc13x0_sdk_4_20_02_07/source/ti/drivers/lib/drivers_cc13x0.am3g(PINCC26XX.om3g)
                0x00004498                PIN_registerIntCb
 .text.PIN_setConfig
                0x000044a4       0x34 /mnt/nas/0000_cloude/cc1310/upgrade/gcc/simplelink_cc13x0_sdk_4_20_02_07/source/ti/drivers/lib/drivers_cc13x0.am3g(PINCC26XX.om3g)
                0x000044a4                PIN_setConfig
 .text.PIN_open
                0x000044d8       0xa8 /mnt/nas/0000_cloude/cc1310/upgrade/gcc/simplelink_cc13x0_sdk_4_20_02_07/source/ti/drivers/lib/drivers_cc13x0.am3g(PINCC26XX.om3g)
                0x000044d8                PIN_open
 .text.PINCC26XX_setMux
                0x00004580       0x44 /mnt/nas/0000_cloude/cc1310/upgrade/gcc/simplelink_cc13x0_sdk_4_20_02_07/source/ti/drivers/lib/drivers_cc13x0.am3g(PINCC26XX.om3g)
                0x00004580                PINCC26XX_setMux
 .text.emptyClockFunc
                0x000045c4        0x4 /mnt/nas/0000_cloude/cc1310/upgrade/gcc/simplelink_cc13x0_sdk_4_20_02_07/source/ti/drivers/lib/drivers_cc13x0.am3g(PowerCC26XX.om3g)
 .text.disableLfClkQualifiersEnableClkLoss
                0x000045c8       0x3c /mnt/nas/0000_cloude/cc1310/upgrade/gcc/simplelink_cc13x0_sdk_4_20_02_07/source/ti/drivers/lib/drivers_cc13x0.am3g(PowerCC26XX.om3g)
 .text.nopResourceHandler
                0x00004604        0x4 /mnt/nas/0000_cloude/cc1310/upgrade/gcc/simplelink_cc13x0_sdk_4_20_02_07/source/ti/drivers/lib/drivers_cc13x0.am3g(PowerCC26XX.om3g)
 .text.notify   0x00004608       0x30 /mnt/nas/0000_cloude/cc1310/upgrade/gcc/simplelink_cc13x0_sdk_4_20_02_07/source/ti/drivers/lib/drivers_cc13x0.am3g(PowerCC26XX.om3g)
 .text.configureRFCoreClocks
                0x00004638       0x14 /mnt/nas/0000_cloude/cc1310/upgrade/gcc/simplelink_cc13x0_sdk_4_20_02_07/source/ti/drivers/lib/drivers_cc13x0.am3g(PowerCC26XX.om3g)
 .text.switchXOSCHFclockFunc
                0x0000464c       0x98 /mnt/nas/0000_cloude/cc1310/upgrade/gcc/simplelink_cc13x0_sdk_4_20_02_07/source/ti/drivers/lib/drivers_cc13x0.am3g(PowerCC26XX.om3g)
 .text.configureXOSCHF
                0x000046e4       0x5c /mnt/nas/0000_cloude/cc1310/upgrade/gcc/simplelink_cc13x0_sdk_4_20_02_07/source/ti/drivers/lib/drivers_cc13x0.am3g(PowerCC26XX.om3g)
 .text.Power_disablePolicy
                0x00004740       0x14 /mnt/nas/0000_cloude/cc1310/upgrade/gcc/simplelink_cc13x0_sdk_4_20_02_07/source/ti/drivers/lib/drivers_cc13x0.am3g(PowerCC26XX.om3g)
                0x00004740                Power_disablePolicy
 .text.Power_enablePolicy
                0x00004754       0x10 /mnt/nas/0000_cloude/cc1310/upgrade/gcc/simplelink_cc13x0_sdk_4_20_02_07/source/ti/drivers/lib/drivers_cc13x0.am3g(PowerCC26XX.om3g)
                0x00004754                Power_enablePolicy
 .text.Power_getConstraintMask
                0x00004764        0xc /mnt/nas/0000_cloude/cc1310/upgrade/gcc/simplelink_cc13x0_sdk_4_20_02_07/source/ti/drivers/lib/drivers_cc13x0.am3g(PowerCC26XX.om3g)
                0x00004764                Power_getConstraintMask
 .text.Power_getTransitionLatency
                0x00004770       0x20 /mnt/nas/0000_cloude/cc1310/upgrade/gcc/simplelink_cc13x0_sdk_4_20_02_07/source/ti/drivers/lib/drivers_cc13x0.am3g(PowerCC26XX.om3g)
                0x00004770                Power_getTransitionLatency
 .text.Power_idleFunc
                0x00004790       0x18 /mnt/nas/0000_cloude/cc1310/upgrade/gcc/simplelink_cc13x0_sdk_4_20_02_07/source/ti/drivers/lib/drivers_cc13x0.am3g(PowerCC26XX.om3g)
                0x00004790                Power_idleFunc
 .text.Power_registerNotify
                0x000047a8       0x24 /mnt/nas/0000_cloude/cc1310/upgrade/gcc/simplelink_cc13x0_sdk_4_20_02_07/source/ti/drivers/lib/drivers_cc13x0.am3g(PowerCC26XX.om3g)
                0x000047a8                Power_registerNotify
 .text.Power_releaseConstraint
                0x000047cc       0x34 /mnt/nas/0000_cloude/cc1310/upgrade/gcc/simplelink_cc13x0_sdk_4_20_02_07/source/ti/drivers/lib/drivers_cc13x0.am3g(PowerCC26XX.om3g)
                0x000047cc                Power_releaseConstraint
 .text.lfClockReadyCallback
                0x00004800       0x6c /mnt/nas/0000_cloude/cc1310/upgrade/gcc/simplelink_cc13x0_sdk_4_20_02_07/source/ti/drivers/lib/drivers_cc13x0.am3g(PowerCC26XX.om3g)
 .text.Power_releaseDependency
                0x0000486c       0xa8 /mnt/nas/0000_cloude/cc1310/upgrade/gcc/simplelink_cc13x0_sdk_4_20_02_07/source/ti/drivers/lib/drivers_cc13x0.am3g(PowerCC26XX.om3g)
                0x0000486c                Power_releaseDependency
 .text.Power_setConstraint
                0x00004914       0x30 /mnt/nas/0000_cloude/cc1310/upgrade/gcc/simplelink_cc13x0_sdk_4_20_02_07/source/ti/drivers/lib/drivers_cc13x0.am3g(PowerCC26XX.om3g)
                0x00004914                Power_setConstraint
 .text.Power_init
                0x00004944      0x144 /mnt/nas/0000_cloude/cc1310/upgrade/gcc/simplelink_cc13x0_sdk_4_20_02_07/source/ti/drivers/lib/drivers_cc13x0.am3g(PowerCC26XX.om3g)
                0x00004944                Power_init
 .text.Power_setDependency
                0x00004a88       0xb0 /mnt/nas/0000_cloude/cc1310/upgrade/gcc/simplelink_cc13x0_sdk_4_20_02_07/source/ti/drivers/lib/drivers_cc13x0.am3g(PowerCC26XX.om3g)
                0x00004a88                Power_setDependency
 .text.Power_sleep
                0x00004b38      0x250 /mnt/nas/0000_cloude/cc1310/upgrade/gcc/simplelink_cc13x0_sdk_4_20_02_07/source/ti/drivers/lib/drivers_cc13x0.am3g(PowerCC26XX.om3g)
                0x00004b38                Power_sleep
 .text.Power_unregisterNotify
                0x00004d88       0x20 /mnt/nas/0000_cloude/cc1310/upgrade/gcc/simplelink_cc13x0_sdk_4_20_02_07/source/ti/drivers/lib/drivers_cc13x0.am3g(PowerCC26XX.om3g)
                0x00004d88                Power_unregisterNotify
 .text.PowerCC26XX_calibrate
                0x00004da8       0x68 /mnt/nas/0000_cloude/cc1310/upgrade/gcc/simplelink_cc13x0_sdk_4_20_02_07/source/ti/drivers/lib/drivers_cc13x0.am3g(PowerCC26XX.om3g)
                0x00004da8                PowerCC26XX_calibrate
 .text.PowerCC26XX_isStableXOSC_HF
                0x00004e10       0x48 /mnt/nas/0000_cloude/cc1310/upgrade/gcc/simplelink_cc13x0_sdk_4_20_02_07/source/ti/drivers/lib/drivers_cc13x0.am3g(PowerCC26XX.om3g)
                0x00004e10                PowerCC26XX_isStableXOSC_HF
 .text.PowerCC26XX_switchXOSC_HF
                0x00004e58        0x8 /mnt/nas/0000_cloude/cc1310/upgrade/gcc/simplelink_cc13x0_sdk_4_20_02_07/source/ti/drivers/lib/drivers_cc13x0.am3g(PowerCC26XX.om3g)
                0x00004e58                PowerCC26XX_switchXOSC_HF
 .text.PowerCC26XX_initiateCalibration
                0x00004e60       0x74 /mnt/nas/0000_cloude/cc1310/upgrade/gcc/simplelink_cc13x0_sdk_4_20_02_07/source/ti/drivers/lib/drivers_cc13x0.am3g(PowerCC26XX_calibrateRCOSC.om3g)
                0x00004e60                PowerCC26XX_initiateCalibration
 .text.PowerCC26XX_doCalibrate
                0x00004ed4      0x1e8 /mnt/nas/0000_cloude/cc1310/upgrade/gcc/simplelink_cc13x0_sdk_4_20_02_07/source/ti/drivers/lib/drivers_cc13x0.am3g(PowerCC26XX_calibrateRCOSC.om3g)
                0x00004ed4                PowerCC26XX_doCalibrate
 .text.PowerCC26XX_auxISR
                0x000050bc      0x2f4 /mnt/nas/0000_cloude/cc1310/upgrade/gcc/simplelink_cc13x0_sdk_4_20_02_07/source/ti/drivers/lib/drivers_cc13x0.am3g(PowerCC26XX_calibrateRCOSC.om3g)
                0x000050bc                PowerCC26XX_auxISR
 .text.PowerCC26XX_RCOSC_clockFunc
                0x000053b0       0x64 /mnt/nas/0000_cloude/cc1310/upgrade/gcc/simplelink_cc13x0_sdk_4_20_02_07/source/ti/drivers/lib/drivers_cc13x0.am3g(PowerCC26XX_calibrateRCOSC.om3g)
                0x000053b0                PowerCC26XX_RCOSC_clockFunc
 .text.UART_init
                0x00005414       0x50 /mnt/nas/0000_cloude/cc1310/upgrade/gcc/simplelink_cc13x0_sdk_4_20_02_07/source/ti/drivers/lib/drivers_cc13x0.am3g(UART.om3g)
                0x00005414                UART_init
 .text.UART_open
                0x00005464       0x40 /mnt/nas/0000_cloude/cc1310/upgrade/gcc/simplelink_cc13x0_sdk_4_20_02_07/source/ti/drivers/lib/drivers_cc13x0.am3g(UART.om3g)
                0x00005464                UART_open
 .text.UART_Params_init
                0x000054a4       0x1c /mnt/nas/0000_cloude/cc1310/upgrade/gcc/simplelink_cc13x0_sdk_4_20_02_07/source/ti/drivers/lib/drivers_cc13x0.am3g(UART.om3g)
                0x000054a4                UART_Params_init
 .text.UART_write
                0x000054c0        0x8 /mnt/nas/0000_cloude/cc1310/upgrade/gcc/simplelink_cc13x0_sdk_4_20_02_07/source/ti/drivers/lib/drivers_cc13x0.am3g(UART.om3g)
                0x000054c0                UART_write
 .text.UARTCC26XX_init
                0x000054c8        0x8 /mnt/nas/0000_cloude/cc1310/upgrade/gcc/simplelink_cc13x0_sdk_4_20_02_07/source/ti/drivers/lib/drivers_cc13x0.am3g(UARTCC26XX.om3g)
                0x000054c8                UARTCC26XX_init
 .text.UARTCC26XX_readPolling
                0x000054d0        0x8 /mnt/nas/0000_cloude/cc1310/upgrade/gcc/simplelink_cc13x0_sdk_4_20_02_07/source/ti/drivers/lib/drivers_cc13x0.am3g(UARTCC26XX.om3g)
                0x000054d0                UARTCC26XX_readPolling
 .text.writeFinishedDoCallback
                0x000054d8       0x40 /mnt/nas/0000_cloude/cc1310/upgrade/gcc/simplelink_cc13x0_sdk_4_20_02_07/source/ti/drivers/lib/drivers_cc13x0.am3g(UARTCC26XX.om3g)
 .text.threadSafeStdbyDisRelease
                0x00005518       0x24 /mnt/nas/0000_cloude/cc1310/upgrade/gcc/simplelink_cc13x0_sdk_4_20_02_07/source/ti/drivers/lib/drivers_cc13x0.am3g(UARTCC26XX.om3g)
 .text.UARTCC26XX_control
                0x0000553c       0x5c /mnt/nas/0000_cloude/cc1310/upgrade/gcc/simplelink_cc13x0_sdk_4_20_02_07/source/ti/drivers/lib/drivers_cc13x0.am3g(UARTCC26XX.om3g)
                0x0000553c                UARTCC26XX_control
 .text.readSemCallback
                0x00005598        0x8 /mnt/nas/0000_cloude/cc1310/upgrade/gcc/simplelink_cc13x0_sdk_4_20_02_07/source/ti/drivers/lib/drivers_cc13x0.am3g(UARTCC26XX.om3g)
 .text.writeSemCallback
                0x000055a0        0x8 /mnt/nas/0000_cloude/cc1310/upgrade/gcc/simplelink_cc13x0_sdk_4_20_02_07/source/ti/drivers/lib/drivers_cc13x0.am3g(UARTCC26XX.om3g)
 .text.writeTxFifoFlush
                0x000055a8       0x84 /mnt/nas/0000_cloude/cc1310/upgrade/gcc/simplelink_cc13x0_sdk_4_20_02_07/source/ti/drivers/lib/drivers_cc13x0.am3g(UARTCC26XX.om3g)
 .text.writeData.isra.1
                0x0000562c       0x40 /mnt/nas/0000_cloude/cc1310/upgrade/gcc/simplelink_cc13x0_sdk_4_20_02_07/source/ti/drivers/lib/drivers_cc13x0.am3g(UARTCC26XX.om3g)
 .text.readData.isra.2
                0x0000566c       0x44 /mnt/nas/0000_cloude/cc1310/upgrade/gcc/simplelink_cc13x0_sdk_4_20_02_07/source/ti/drivers/lib/drivers_cc13x0.am3g(UARTCC26XX.om3g)
 .text.readData2RingBuf.isra.3
                0x000056b0       0x38 /mnt/nas/0000_cloude/cc1310/upgrade/gcc/simplelink_cc13x0_sdk_4_20_02_07/source/ti/drivers/lib/drivers_cc13x0.am3g(UARTCC26XX.om3g)
 .text.startTxFifoEmptyClk.isra.4
                0x000056e8       0x50 /mnt/nas/0000_cloude/cc1310/upgrade/gcc/simplelink_cc13x0_sdk_4_20_02_07/source/ti/drivers/lib/drivers_cc13x0.am3g(UARTCC26XX.om3g)
 .text.UARTCC26XX_initHw.isra.5
                0x00005738       0xb4 /mnt/nas/0000_cloude/cc1310/upgrade/gcc/simplelink_cc13x0_sdk_4_20_02_07/source/ti/drivers/lib/drivers_cc13x0.am3g(UARTCC26XX.om3g)
 .text.uartPostNotify
                0x000057ec       0x18 /mnt/nas/0000_cloude/cc1310/upgrade/gcc/simplelink_cc13x0_sdk_4_20_02_07/source/ti/drivers/lib/drivers_cc13x0.am3g(UARTCC26XX.om3g)
 .text.UARTCC26XX_open
                0x00005804      0x200 /mnt/nas/0000_cloude/cc1310/upgrade/gcc/simplelink_cc13x0_sdk_4_20_02_07/source/ti/drivers/lib/drivers_cc13x0.am3g(UARTCC26XX.om3g)
                0x00005804                UARTCC26XX_open
 .text.UARTCC26XX_writePolling
                0x00005a04        0x8 /mnt/nas/0000_cloude/cc1310/upgrade/gcc/simplelink_cc13x0_sdk_4_20_02_07/source/ti/drivers/lib/drivers_cc13x0.am3g(UARTCC26XX.om3g)
                0x00005a04                UARTCC26XX_writePolling
 .text.UARTCC26XX_write
                0x00005a0c       0xfc /mnt/nas/0000_cloude/cc1310/upgrade/gcc/simplelink_cc13x0_sdk_4_20_02_07/source/ti/drivers/lib/drivers_cc13x0.am3g(UARTCC26XX.om3g)
                0x00005a0c                UARTCC26XX_write
 .text.UARTCC26XX_readCancel
                0x00005b08       0x68 /mnt/nas/0000_cloude/cc1310/upgrade/gcc/simplelink_cc13x0_sdk_4_20_02_07/source/ti/drivers/lib/drivers_cc13x0.am3g(UARTCC26XX.om3g)
                0x00005b08                UARTCC26XX_readCancel
 .text.UARTCC26XX_hwiIntFxn
                0x00005b70      0x1ec /mnt/nas/0000_cloude/cc1310/upgrade/gcc/simplelink_cc13x0_sdk_4_20_02_07/source/ti/drivers/lib/drivers_cc13x0.am3g(UARTCC26XX.om3g)
                0x00005b70                UARTCC26XX_hwiIntFxn
 .text.UARTCC26XX_writeCancel
                0x00005d5c       0x9c /mnt/nas/0000_cloude/cc1310/upgrade/gcc/simplelink_cc13x0_sdk_4_20_02_07/source/ti/drivers/lib/drivers_cc13x0.am3g(UARTCC26XX.om3g)
                0x00005d5c                UARTCC26XX_writeCancel
 .text.UARTCC26XX_close
                0x00005df8       0x8c /mnt/nas/0000_cloude/cc1310/upgrade/gcc/simplelink_cc13x0_sdk_4_20_02_07/source/ti/drivers/lib/drivers_cc13x0.am3g(UARTCC26XX.om3g)
                0x00005df8                UARTCC26XX_close
 .text.UARTCC26XX_swiIntFxn
                0x00005e84       0x94 /mnt/nas/0000_cloude/cc1310/upgrade/gcc/simplelink_cc13x0_sdk_4_20_02_07/source/ti/drivers/lib/drivers_cc13x0.am3g(UARTCC26XX.om3g)
                0x00005e84                UARTCC26XX_swiIntFxn
 .text.UARTCC26XX_read
                0x00005f18      0x194 /mnt/nas/0000_cloude/cc1310/upgrade/gcc/simplelink_cc13x0_sdk_4_20_02_07/source/ti/drivers/lib/drivers_cc13x0.am3g(UARTCC26XX.om3g)
                0x00005f18                UARTCC26XX_read
 .text.RingBuf_construct
                0x000060ac       0x18 /mnt/nas/0000_cloude/cc1310/upgrade/gcc/simplelink_cc13x0_sdk_4_20_02_07/source/ti/drivers/lib/drivers_cc13x0.am3g(RingBuf.om3g)
                0x000060ac                RingBuf_construct
 .text.RingBuf_get
                0x000060c4       0x40 /mnt/nas/0000_cloude/cc1310/upgrade/gcc/simplelink_cc13x0_sdk_4_20_02_07/source/ti/drivers/lib/drivers_cc13x0.am3g(RingBuf.om3g)
                0x000060c4                RingBuf_get
 .text.RingBuf_put
                0x00006104       0x48 /mnt/nas/0000_cloude/cc1310/upgrade/gcc/simplelink_cc13x0_sdk_4_20_02_07/source/ti/drivers/lib/drivers_cc13x0.am3g(RingBuf.om3g)
                0x00006104                RingBuf_put
 .text.NoRTOS_start
                0x0000614c        0x4 /mnt/nas/0000_cloude/cc1310/upgrade/gcc/simplelink_cc13x0_sdk_4_20_02_07/kernel/nortos/lib/nortos_cc13x0.am3g(NoRTOS.om3g)
                0x0000614c                NoRTOS_start
 .text.clkFxn   0x00006150        0x4 /mnt/nas/0000_cloude/cc1310/upgrade/gcc/simplelink_cc13x0_sdk_4_20_02_07/kernel/nortos/lib/nortos_cc13x0.am3g(SemaphoreP_nortos.om3g)
                0x00006150                clkFxn
 .text.SemaphoreP_construct
                0x00006154       0x5c /mnt/nas/0000_cloude/cc1310/upgrade/gcc/simplelink_cc13x0_sdk_4_20_02_07/kernel/nortos/lib/nortos_cc13x0.am3g(SemaphoreP_nortos.om3g)
                0x00006154                SemaphoreP_construct
 .text.SemaphoreP_constructBinary
                0x000061b0       0x2c /mnt/nas/0000_cloude/cc1310/upgrade/gcc/simplelink_cc13x0_sdk_4_20_02_07/kernel/nortos/lib/nortos_cc13x0.am3g(SemaphoreP_nortos.om3g)
                0x000061b0                SemaphoreP_constructBinary
 .text.SemaphoreP_destruct
                0x000061dc        0x4 /mnt/nas/0000_cloude/cc1310/upgrade/gcc/simplelink_cc13x0_sdk_4_20_02_07/kernel/nortos/lib/nortos_cc13x0.am3g(SemaphoreP_nortos.om3g)
                0x000061dc                SemaphoreP_destruct
 .text.SemaphoreP_pend
                0x000061e0       0xb4 /mnt/nas/0000_cloude/cc1310/upgrade/gcc/simplelink_cc13x0_sdk_4_20_02_07/kernel/nortos/lib/nortos_cc13x0.am3g(SemaphoreP_nortos.om3g)
                0x000061e0                SemaphoreP_pend
 .text.SemaphoreP_post
                0x00006294       0x4c /mnt/nas/0000_cloude/cc1310/upgrade/gcc/simplelink_cc13x0_sdk_4_20_02_07/kernel/nortos/lib/nortos_cc13x0.am3g(SemaphoreP_nortos.om3g)
                0x00006294                SemaphoreP_post
 .text.SwiP_construct.part.0
                0x000062e0      0x100 /mnt/nas/0000_cloude/cc1310/upgrade/gcc/simplelink_cc13x0_sdk_4_20_02_07/kernel/nortos/lib/nortos_cc13x0.am3g(SwiP_nortos.om3g)
 .text.SwiP_Params_init
                0x000063e0       0x10 /mnt/nas/0000_cloude/cc1310/upgrade/gcc/simplelink_cc13x0_sdk_4_20_02_07/kernel/nortos/lib/nortos_cc13x0.am3g(SwiP_nortos.om3g)
                0x000063e0                SwiP_Params_init
 .text.SwiP_construct
                0x000063f0        0x8 /mnt/nas/0000_cloude/cc1310/upgrade/gcc/simplelink_cc13x0_sdk_4_20_02_07/kernel/nortos/lib/nortos_cc13x0.am3g(SwiP_nortos.om3g)
                0x000063f0                SwiP_construct
 .text.SwiP_destruct
                0x000063f8       0x38 /mnt/nas/0000_cloude/cc1310/upgrade/gcc/simplelink_cc13x0_sdk_4_20_02_07/kernel/nortos/lib/nortos_cc13x0.am3g(SwiP_nortos.om3g)
                0x000063f8                SwiP_destruct
 .text.SwiP_disable
                0x00006430       0x1c /mnt/nas/0000_cloude/cc1310/upgrade/gcc/simplelink_cc13x0_sdk_4_20_02_07/kernel/nortos/lib/nortos_cc13x0.am3g(SwiP_nortos.om3g)
                0x00006430                SwiP_disable
 .text.SwiP_dispatch
                0x0000644c       0xac /mnt/nas/0000_cloude/cc1310/upgrade/gcc/simplelink_cc13x0_sdk_4_20_02_07/kernel/nortos/lib/nortos_cc13x0.am3g(SwiP_nortos.om3g)
                0x0000644c                SwiP_dispatch
 .text.SwiP_handleHwi
                0x000064f8       0x18 /mnt/nas/0000_cloude/cc1310/upgrade/gcc/simplelink_cc13x0_sdk_4_20_02_07/kernel/nortos/lib/nortos_cc13x0.am3g(SwiP_nortos.om3g)
 .text.SwiP_getTrigger
                0x00006510        0xc /mnt/nas/0000_cloude/cc1310/upgrade/gcc/simplelink_cc13x0_sdk_4_20_02_07/kernel/nortos/lib/nortos_cc13x0.am3g(SwiP_nortos.om3g)
                0x00006510                SwiP_getTrigger
 .text.SwiP_post
                0x0000651c       0x70 /mnt/nas/0000_cloude/cc1310/upgrade/gcc/simplelink_cc13x0_sdk_4_20_02_07/kernel/nortos/lib/nortos_cc13x0.am3g(SwiP_nortos.om3g)
                0x0000651c                SwiP_post
 .text.SwiP_or  0x0000658c       0x20 /mnt/nas/0000_cloude/cc1310/upgrade/gcc/simplelink_cc13x0_sdk_4_20_02_07/kernel/nortos/lib/nortos_cc13x0.am3g(SwiP_nortos.om3g)
                0x0000658c                SwiP_or
 .text.SwiP_restore
                0x000065ac       0x48 /mnt/nas/0000_cloude/cc1310/upgrade/gcc/simplelink_cc13x0_sdk_4_20_02_07/kernel/nortos/lib/nortos_cc13x0.am3g(SwiP_nortos.om3g)
                0x000065ac                SwiP_restore
 .text.ClockP_doTick
                0x000065f4        0xc /mnt/nas/0000_cloude/cc1310/upgrade/gcc/simplelink_cc13x0_sdk_4_20_02_07/kernel/nortos/lib/nortos_cc13x0.am3g(ClockPTimer_nortos.om3g)
                0x000065f4                ClockP_doTick
 .text.ClockP_startup.part.1
                0x00006600       0xa8 /mnt/nas/0000_cloude/cc1310/upgrade/gcc/simplelink_cc13x0_sdk_4_20_02_07/kernel/nortos/lib/nortos_cc13x0.am3g(ClockPTimer_nortos.om3g)
 .text.ClockP_Params_init
                0x000066a8       0x10 /mnt/nas/0000_cloude/cc1310/upgrade/gcc/simplelink_cc13x0_sdk_4_20_02_07/kernel/nortos/lib/nortos_cc13x0.am3g(ClockPTimer_nortos.om3g)
                0x000066a8                ClockP_Params_init
 .text.ClockP_startup
                0x000066b8       0x10 /mnt/nas/0000_cloude/cc1310/upgrade/gcc/simplelink_cc13x0_sdk_4_20_02_07/kernel/nortos/lib/nortos_cc13x0.am3g(ClockPTimer_nortos.om3g)
                0x000066b8                ClockP_startup
 .text.ClockP_getTicks
                0x000066c8       0x24 /mnt/nas/0000_cloude/cc1310/upgrade/gcc/simplelink_cc13x0_sdk_4_20_02_07/kernel/nortos/lib/nortos_cc13x0.am3g(ClockPTimer_nortos.om3g)
                0x000066c8                ClockP_getTicks
 .text.ClockP_getTicksUntilInterrupt
                0x000066ec       0x30 /mnt/nas/0000_cloude/cc1310/upgrade/gcc/simplelink_cc13x0_sdk_4_20_02_07/kernel/nortos/lib/nortos_cc13x0.am3g(ClockPTimer_nortos.om3g)
                0x000066ec                ClockP_getTicksUntilInterrupt
 .text.ClockP_walkQueueDynamic
                0x0000671c       0x70 /mnt/nas/0000_cloude/cc1310/upgrade/gcc/simplelink_cc13x0_sdk_4_20_02_07/kernel/nortos/lib/nortos_cc13x0.am3g(ClockPTimer_nortos.om3g)
                0x0000671c                ClockP_walkQueueDynamic
 .text.ClockP_workFuncDynamic
                0x0000678c       0xc0 /mnt/nas/0000_cloude/cc1310/upgrade/gcc/simplelink_cc13x0_sdk_4_20_02_07/kernel/nortos/lib/nortos_cc13x0.am3g(ClockPTimer_nortos.om3g)
                0x0000678c                ClockP_workFuncDynamic
 .text.ClockP_add
                0x0000684c       0x1c /mnt/nas/0000_cloude/cc1310/upgrade/gcc/simplelink_cc13x0_sdk_4_20_02_07/kernel/nortos/lib/nortos_cc13x0.am3g(ClockPTimer_nortos.om3g)
                0x0000684c                ClockP_add
 .text.ClockP_destruct
                0x00006868       0x1c /mnt/nas/0000_cloude/cc1310/upgrade/gcc/simplelink_cc13x0_sdk_4_20_02_07/kernel/nortos/lib/nortos_cc13x0.am3g(ClockPTimer_nortos.om3g)
                0x00006868                ClockP_destruct
 .text.ClockP_start
                0x00006884       0x84 /mnt/nas/0000_cloude/cc1310/upgrade/gcc/simplelink_cc13x0_sdk_4_20_02_07/kernel/nortos/lib/nortos_cc13x0.am3g(ClockPTimer_nortos.om3g)
                0x00006884                ClockP_start
 .text.ClockP_construct
                0x00006908       0x54 /mnt/nas/0000_cloude/cc1310/upgrade/gcc/simplelink_cc13x0_sdk_4_20_02_07/kernel/nortos/lib/nortos_cc13x0.am3g(ClockPTimer_nortos.om3g)
                0x00006908                ClockP_construct
 .text.ClockP_stop
                0x0000695c        0x8 /mnt/nas/0000_cloude/cc1310/upgrade/gcc/simplelink_cc13x0_sdk_4_20_02_07/kernel/nortos/lib/nortos_cc13x0.am3g(ClockPTimer_nortos.om3g)
                0x0000695c                ClockP_stop
 .text.ClockP_setTimeout
                0x00006964        0x4 /mnt/nas/0000_cloude/cc1310/upgrade/gcc/simplelink_cc13x0_sdk_4_20_02_07/kernel/nortos/lib/nortos_cc13x0.am3g(ClockPTimer_nortos.om3g)
                0x00006964                ClockP_setTimeout
 .text.ClockP_getTimeout
                0x00006968       0x14 /mnt/nas/0000_cloude/cc1310/upgrade/gcc/simplelink_cc13x0_sdk_4_20_02_07/kernel/nortos/lib/nortos_cc13x0.am3g(ClockPTimer_nortos.om3g)
                0x00006968                ClockP_getTimeout
 .text.ClockP_isActive
                0x0000697c        0x4 /mnt/nas/0000_cloude/cc1310/upgrade/gcc/simplelink_cc13x0_sdk_4_20_02_07/kernel/nortos/lib/nortos_cc13x0.am3g(ClockPTimer_nortos.om3g)
                0x0000697c                ClockP_isActive
 .text.ClockP_getCpuFreq
                0x00006980       0x10 /mnt/nas/0000_cloude/cc1310/upgrade/gcc/simplelink_cc13x0_sdk_4_20_02_07/kernel/nortos/lib/nortos_cc13x0.am3g(ClockPTimer_nortos.om3g)
                0x00006980                ClockP_getCpuFreq
 .text.TimerP_dynamicStub
                0x00006990       0x18 /mnt/nas/0000_cloude/cc1310/upgrade/gcc/simplelink_cc13x0_sdk_4_20_02_07/kernel/nortos/lib/nortos_cc13x0.am3g(TimerPCC26XX_nortos.om3g)
                0x00006990                TimerP_dynamicStub
 .text.TimerP_Params_init
                0x000069a8       0x10 /mnt/nas/0000_cloude/cc1310/upgrade/gcc/simplelink_cc13x0_sdk_4_20_02_07/kernel/nortos/lib/nortos_cc13x0.am3g(TimerPCC26XX_nortos.om3g)
                0x000069a8                TimerP_Params_init
 .text.TimerP_getMaxTicks
                0x000069b8       0x24 /mnt/nas/0000_cloude/cc1310/upgrade/gcc/simplelink_cc13x0_sdk_4_20_02_07/kernel/nortos/lib/nortos_cc13x0.am3g(TimerPCC26XX_nortos.om3g)
                0x000069b8                TimerP_getMaxTicks
 .text.TimerP_setThreshold
                0x000069dc       0x34 /mnt/nas/0000_cloude/cc1310/upgrade/gcc/simplelink_cc13x0_sdk_4_20_02_07/kernel/nortos/lib/nortos_cc13x0.am3g(TimerPCC26XX_nortos.om3g)
                0x000069dc                TimerP_setThreshold
 .text.TimerP_setNextTick
                0x00006a10       0x30 /mnt/nas/0000_cloude/cc1310/upgrade/gcc/simplelink_cc13x0_sdk_4_20_02_07/kernel/nortos/lib/nortos_cc13x0.am3g(TimerPCC26XX_nortos.om3g)
                0x00006a10                TimerP_setNextTick
 .text.TimerP_start
                0x00006a40       0x80 /mnt/nas/0000_cloude/cc1310/upgrade/gcc/simplelink_cc13x0_sdk_4_20_02_07/kernel/nortos/lib/nortos_cc13x0.am3g(TimerPCC26XX_nortos.om3g)
                0x00006a40                TimerP_start
 .text.TimerP_construct.part.0
                0x00006ac0      0x100 /mnt/nas/0000_cloude/cc1310/upgrade/gcc/simplelink_cc13x0_sdk_4_20_02_07/kernel/nortos/lib/nortos_cc13x0.am3g(TimerPCC26XX_nortos.om3g)
 .text.TimerP_construct
                0x00006bc0       0x10 /mnt/nas/0000_cloude/cc1310/upgrade/gcc/simplelink_cc13x0_sdk_4_20_02_07/kernel/nortos/lib/nortos_cc13x0.am3g(TimerPCC26XX_nortos.om3g)
                0x00006bc0                TimerP_construct
 .text.TimerP_getFreq
                0x00006bd0        0xc /mnt/nas/0000_cloude/cc1310/upgrade/gcc/simplelink_cc13x0_sdk_4_20_02_07/kernel/nortos/lib/nortos_cc13x0.am3g(TimerPCC26XX_nortos.om3g)
                0x00006bd0                TimerP_getFreq
 .text.TimerP_getCurrentTick
                0x00006bdc       0x2c /mnt/nas/0000_cloude/cc1310/upgrade/gcc/simplelink_cc13x0_sdk_4_20_02_07/kernel/nortos/lib/nortos_cc13x0.am3g(TimerPCC26XX_nortos.om3g)
                0x00006bdc                TimerP_getCurrentTick
 .text.HwiP_dispatch
                0x00006c08       0x1c /mnt/nas/0000_cloude/cc1310/upgrade/gcc/simplelink_cc13x0_sdk_4_20_02_07/kernel/nortos/lib/nortos_cc13x0.am3g(HwiPCC26XX_nortos.om3g)
 .text.HwiP_enable
                0x00006c24        0x4 /mnt/nas/0000_cloude/cc1310/upgrade/gcc/simplelink_cc13x0_sdk_4_20_02_07/kernel/nortos/lib/nortos_cc13x0.am3g(HwiPCC26XX_nortos.om3g)
                0x00006c24                HwiP_enable
 .text.HwiP_disable
                0x00006c28       0x10 /mnt/nas/0000_cloude/cc1310/upgrade/gcc/simplelink_cc13x0_sdk_4_20_02_07/kernel/nortos/lib/nortos_cc13x0.am3g(HwiPCC26XX_nortos.om3g)
                0x00006c28                HwiP_disable
 .text.HwiP_restore
                0x00006c38        0x8 /mnt/nas/0000_cloude/cc1310/upgrade/gcc/simplelink_cc13x0_sdk_4_20_02_07/kernel/nortos/lib/nortos_cc13x0.am3g(HwiPCC26XX_nortos.om3g)
                0x00006c38                HwiP_restore
 .text.HwiP_destruct
                0x00006c40       0x1c /mnt/nas/0000_cloude/cc1310/upgrade/gcc/simplelink_cc13x0_sdk_4_20_02_07/kernel/nortos/lib/nortos_cc13x0.am3g(HwiPCC26XX_nortos.om3g)
                0x00006c40                HwiP_destruct
 .text.HwiP_enableInterrupt
                0x00006c5c        0xc /mnt/nas/0000_cloude/cc1310/upgrade/gcc/simplelink_cc13x0_sdk_4_20_02_07/kernel/nortos/lib/nortos_cc13x0.am3g(HwiPCC26XX_nortos.om3g)
                0x00006c5c                HwiP_enableInterrupt
 .text.HwiP_construct
                0x00006c68       0x88 /mnt/nas/0000_cloude/cc1310/upgrade/gcc/simplelink_cc13x0_sdk_4_20_02_07/kernel/nortos/lib/nortos_cc13x0.am3g(HwiPCC26XX_nortos.om3g)
                0x00006c68                HwiP_construct
 .text.HwiP_Params_init
                0x00006cf0       0x14 /mnt/nas/0000_cloude/cc1310/upgrade/gcc/simplelink_cc13x0_sdk_4_20_02_07/kernel/nortos/lib/nortos_cc13x0.am3g(HwiPCC26XX_nortos.om3g)
                0x00006cf0                HwiP_Params_init
 .text.HwiP_setFunc
                0x00006d04       0x1c /mnt/nas/0000_cloude/cc1310/upgrade/gcc/simplelink_cc13x0_sdk_4_20_02_07/kernel/nortos/lib/nortos_cc13x0.am3g(HwiPCC26XX_nortos.om3g)
                0x00006d04                HwiP_setFunc
 .text.HwiP_post
                0x00006d20        0xc /mnt/nas/0000_cloude/cc1310/upgrade/gcc/simplelink_cc13x0_sdk_4_20_02_07/kernel/nortos/lib/nortos_cc13x0.am3g(HwiPCC26XX_nortos.om3g)
                0x00006d20                HwiP_post
 .text.HwiP_inISR
                0x00006d2c       0x14 /mnt/nas/0000_cloude/cc1310/upgrade/gcc/simplelink_cc13x0_sdk_4_20_02_07/kernel/nortos/lib/nortos_cc13x0.am3g(HwiPCC26XX_nortos.om3g)
                0x00006d2c                HwiP_inISR
 .text.PowerCC26XX_standbyPolicy
                0x00006d40      0x100 /mnt/nas/0000_cloude/cc1310/upgrade/gcc/simplelink_cc13x0_sdk_4_20_02_07/kernel/nortos/lib/nortos_cc13x0.am3g(PowerCC26XX_nortos.om3g)
                0x00006d40                PowerCC26XX_standbyPolicy
 .text.PowerCC26XX_schedulerDisable
                0x00006e40       0x10 /mnt/nas/0000_cloude/cc1310/upgrade/gcc/simplelink_cc13x0_sdk_4_20_02_07/kernel/nortos/lib/nortos_cc13x0.am3g(PowerCC26XX_nortos.om3g)
                0x00006e40                PowerCC26XX_schedulerDisable
 .text.PowerCC26XX_schedulerRestore
                0x00006e50        0xc /mnt/nas/0000_cloude/cc1310/upgrade/gcc/simplelink_cc13x0_sdk_4_20_02_07/kernel/nortos/lib/nortos_cc13x0.am3g(PowerCC26XX_nortos.om3g)
                0x00006e50                PowerCC26XX_schedulerRestore
 .text.resetISR
                0x00006e5c       0x10 /mnt/nas/0000_cloude/cc1310/upgrade/gcc/simplelink_cc13x0_sdk_4_20_02_07/kernel/nortos/lib/nortos_cc13x0.am3g(startup_cc13xx_cc26xx_gcc.om3g)
                0x00006e5c                resetISR
 .text.nmiISR   0x00006e6c        0x4 /mnt/nas/0000_cloude/cc1310/upgrade/gcc/simplelink_cc13x0_sdk_4_20_02_07/kernel/nortos/lib/nortos_cc13x0.am3g(startup_cc13xx_cc26xx_gcc.om3g)
 .text.faultISR
                0x00006e70        0x4 /mnt/nas/0000_cloude/cc1310/upgrade/gcc/simplelink_cc13x0_sdk_4_20_02_07/kernel/nortos/lib/nortos_cc13x0.am3g(startup_cc13xx_cc26xx_gcc.om3g)
 .text.busFaultHandler
                0x00006e74        0x4 /mnt/nas/0000_cloude/cc1310/upgrade/gcc/simplelink_cc13x0_sdk_4_20_02_07/kernel/nortos/lib/nortos_cc13x0.am3g(startup_cc13xx_cc26xx_gcc.om3g)
 .text.defaultHandler
                0x00006e78        0x4 /mnt/nas/0000_cloude/cc1310/upgrade/gcc/simplelink_cc13x0_sdk_4_20_02_07/kernel/nortos/lib/nortos_cc13x0.am3g(startup_cc13xx_cc26xx_gcc.om3g)
 .text.localProgramStart
                0x00006e7c       0x8c /mnt/nas/0000_cloude/cc1310/upgrade/gcc/simplelink_cc13x0_sdk_4_20_02_07/kernel/nortos/lib/nortos_cc13x0.am3g(startup_cc13xx_cc26xx_gcc.om3g)
                0x00006e7c                localProgramStart
 .text._fini    0x00006f08        0x4 /mnt/nas/0000_cloude/cc1310/upgrade/gcc/simplelink_cc13x0_sdk_4_20_02_07/kernel/nortos/lib/nortos_cc13x0.am3g(startup_cc13xx_cc26xx_gcc.om3g)
                0x00006f08                _fini
 .text.QueueP_init
                0x00006f0c        0x8 /mnt/nas/0000_cloude/cc1310/upgrade/gcc/simplelink_cc13x0_sdk_4_20_02_07/kernel/nortos/lib/nortos_cc13x0.am3g(QueueP_nortos.om3g)
                0x00006f0c                QueueP_init
 .text.QueueP_empty
                0x00006f14        0xc /mnt/nas/0000_cloude/cc1310/upgrade/gcc/simplelink_cc13x0_sdk_4_20_02_07/kernel/nortos/lib/nortos_cc13x0.am3g(QueueP_nortos.om3g)
                0x00006f14                QueueP_empty
 .text.QueueP_get
                0x00006f20       0x1c /mnt/nas/0000_cloude/cc1310/upgrade/gcc/simplelink_cc13x0_sdk_4_20_02_07/kernel/nortos/lib/nortos_cc13x0.am3g(QueueP_nortos.om3g)
                0x00006f20                QueueP_get
 .text.QueueP_head
                0x00006f3c        0x4 /mnt/nas/0000_cloude/cc1310/upgrade/gcc/simplelink_cc13x0_sdk_4_20_02_07/kernel/nortos/lib/nortos_cc13x0.am3g(QueueP_nortos.om3g)
                0x00006f3c                QueueP_head
 .text.QueueP_next
                0x00006f40        0x4 /mnt/nas/0000_cloude/cc1310/upgrade/gcc/simplelink_cc13x0_sdk_4_20_02_07/kernel/nortos/lib/nortos_cc13x0.am3g(QueueP_nortos.om3g)
                0x00006f40                QueueP_next
 .text.QueueP_put
                0x00006f44       0x20 /mnt/nas/0000_cloude/cc1310/upgrade/gcc/simplelink_cc13x0_sdk_4_20_02_07/kernel/nortos/lib/nortos_cc13x0.am3g(QueueP_nortos.om3g)
                0x00006f44                QueueP_put
 .text.QueueP_remove
                0x00006f64       0x10 /mnt/nas/0000_cloude/cc1310/upgrade/gcc/simplelink_cc13x0_sdk_4_20_02_07/kernel/nortos/lib/nortos_cc13x0.am3g(QueueP_nortos.om3g)
                0x00006f64                QueueP_remove
 .text.NOROM_ChipInfo_GetPackageType
                0x00006f74       0x18 /mnt/nas/0000_cloude/cc1310/upgrade/gcc/simplelink_cc13x0_sdk_4_20_02_07/source/ti/devices/cc13x0/driverlib/bin/gcc/driverlib.lib(chipinfo.o)
                0x00006f74                NOROM_ChipInfo_GetPackageType
 .text.NOROM_ChipInfo_GetChipFamily
                0x00006f8c       0x1c /mnt/nas/0000_cloude/cc1310/upgrade/gcc/simplelink_cc13x0_sdk_4_20_02_07/source/ti/devices/cc13x0/driverlib/bin/gcc/driverlib.lib(chipinfo.o)
                0x00006f8c                NOROM_ChipInfo_GetChipFamily
 .text.NOROM_ChipInfo_GetChipType
                0x00006fa8       0x30 /mnt/nas/0000_cloude/cc1310/upgrade/gcc/simplelink_cc13x0_sdk_4_20_02_07/source/ti/devices/cc13x0/driverlib/bin/gcc/driverlib.lib(chipinfo.o)
                0x00006fa8                NOROM_ChipInfo_GetChipType
 .text.NOROM_ChipInfo_GetHwRevision
                0x00006fd8       0x3c /mnt/nas/0000_cloude/cc1310/upgrade/gcc/simplelink_cc13x0_sdk_4_20_02_07/source/ti/devices/cc13x0/driverlib/bin/gcc/driverlib.lib(chipinfo.o)
                0x00006fd8                NOROM_ChipInfo_GetHwRevision
 .text.NOROM_ThisLibraryIsFor_CC13x0_HwRev20AndLater_HaltIfViolated
                0x00007014       0x16 /mnt/nas/0000_cloude/cc1310/upgrade/gcc/simplelink_cc13x0_sdk_4_20_02_07/source/ti/devices/cc13x0/driverlib/bin/gcc/driverlib.lib(chipinfo.o)
                0x00007014                NOROM_ThisLibraryIsFor_CC13x0_HwRev20AndLater_HaltIfViolated
 *fill*         0x0000702a        0x2 
 .text.TrimAfterColdResetWakeupFromShutDown
                0x0000702c       0xd0 /mnt/nas/0000_cloude/cc1310/upgrade/gcc/simplelink_cc13x0_sdk_4_20_02_07/source/ti/devices/cc13x0/driverlib/bin/gcc/driverlib.lib(setup.o)
 .text.NOROM_SetupTrimDevice
                0x000070fc       0xa4 /mnt/nas/0000_cloude/cc1310/upgrade/gcc/simplelink_cc13x0_sdk_4_20_02_07/source/ti/devices/cc13x0/driverlib/bin/gcc/driverlib.lib(setup.o)
                0x000070fc                NOROM_SetupTrimDevice
 .text.NOROM_SysCtrlSetRechargeBeforePowerDown
                0x000071a0      0x210 /mnt/nas/0000_cloude/cc1310/upgrade/gcc/simplelink_cc13x0_sdk_4_20_02_07/source/ti/devices/cc13x0/driverlib/bin/gcc/driverlib.lib(sys_ctrl.o)
                0x000071a0                NOROM_SysCtrlSetRechargeBeforePowerDown
 .text.NOROM_SysCtrlAdjustRechargeAfterPowerDown
                0x000073b0       0x6c /mnt/nas/0000_cloude/cc1310/upgrade/gcc/simplelink_cc13x0_sdk_4_20_02_07/source/ti/devices/cc13x0/driverlib/bin/gcc/driverlib.lib(sys_ctrl.o)
                0x000073b0                NOROM_SysCtrlAdjustRechargeAfterPowerDown
 .text.NOROM_SysCtrl_DCDC_VoltageConditionalControl
                0x0000741c       0x78 /mnt/nas/0000_cloude/cc1310/upgrade/gcc/simplelink_cc13x0_sdk_4_20_02_07/source/ti/devices/cc13x0/driverlib/bin/gcc/driverlib.lib(sys_ctrl.o)
                0x0000741c                NOROM_SysCtrl_DCDC_VoltageConditionalControl
 .text.NOROM_CPUcpsid
                0x00007494        0x8 /mnt/nas/0000_cloude/cc1310/upgrade/gcc/simplelink_cc13x0_sdk_4_20_02_07/source/ti/devices/cc13x0/driverlib/bin/gcc/driverlib.lib(cpu.o)
                0x00007494                NOROM_CPUcpsid
 .text.NOROM_CPUcpsie
                0x0000749c        0x8 /mnt/nas/0000_cloude/cc1310/upgrade/gcc/simplelink_cc13x0_sdk_4_20_02_07/source/ti/devices/cc13x0/driverlib/bin/gcc/driverlib.lib(cpu.o)
                0x0000749c                NOROM_CPUcpsie
 .text.NOROM_CPUdelay
                0x000074a4        0x6 /mnt/nas/0000_cloude/cc1310/upgrade/gcc/simplelink_cc13x0_sdk_4_20_02_07/source/ti/devices/cc13x0/driverlib/bin/gcc/driverlib.lib(cpu.o)
                0x000074a4                NOROM_CPUdelay
 *fill*         0x000074aa        0x2 
 .text.NOROM_RFCCpeIntGetAndClear
                0x000074ac       0x18 /mnt/nas/0000_cloude/cc1310/upgrade/gcc/simplelink_cc13x0_sdk_4_20_02_07/source/ti/devices/cc13x0/driverlib/bin/gcc/driverlib.lib(rfc.o)
                0x000074ac                NOROM_RFCCpeIntGetAndClear
 .text.NOROM_RFCDoorbellSendTo
                0x000074c4       0x2c /mnt/nas/0000_cloude/cc1310/upgrade/gcc/simplelink_cc13x0_sdk_4_20_02_07/source/ti/devices/cc13x0/driverlib/bin/gcc/driverlib.lib(rfc.o)
                0x000074c4                NOROM_RFCDoorbellSendTo
 .text.NOROM_RFCSynthPowerDown
                0x000074f0       0x4c /mnt/nas/0000_cloude/cc1310/upgrade/gcc/simplelink_cc13x0_sdk_4_20_02_07/source/ti/devices/cc13x0/driverlib/bin/gcc/driverlib.lib(rfc.o)
                0x000074f0                NOROM_RFCSynthPowerDown
 .text.NOROM_RFCCpePatchReset
                0x0000753c       0x60 /mnt/nas/0000_cloude/cc1310/upgrade/gcc/simplelink_cc13x0_sdk_4_20_02_07/source/ti/devices/cc13x0/driverlib/bin/gcc/driverlib.lib(rfc.o)
                0x0000753c                NOROM_RFCCpePatchReset
 .text.NOROM_RFCOverrideSearch
                0x0000759c       0x26 /mnt/nas/0000_cloude/cc1310/upgrade/gcc/simplelink_cc13x0_sdk_4_20_02_07/source/ti/devices/cc13x0/driverlib/bin/gcc/driverlib.lib(rfc.o)
                0x0000759c                NOROM_RFCOverrideSearch
 *fill*         0x000075c2        0x2 
 .text.NOROM_RFCHwIntGetAndClear
                0x000075c4       0x10 /mnt/nas/0000_cloude/cc1310/upgrade/gcc/simplelink_cc13x0_sdk_4_20_02_07/source/ti/devices/cc13x0/driverlib/bin/gcc/driverlib.lib(rfc.o)
                0x000075c4                NOROM_RFCHwIntGetAndClear
 .text.NOROM_RFCRfTrimRead
                0x000075d4      0x150 /mnt/nas/0000_cloude/cc1310/upgrade/gcc/simplelink_cc13x0_sdk_4_20_02_07/source/ti/devices/cc13x0/driverlib/bin/gcc/driverlib.lib(rfc.o)
                0x000075d4                NOROM_RFCRfTrimRead
 .text.NOROM_RFCRfTrimSet
                0x00007724       0x20 /mnt/nas/0000_cloude/cc1310/upgrade/gcc/simplelink_cc13x0_sdk_4_20_02_07/source/ti/devices/cc13x0/driverlib/bin/gcc/driverlib.lib(rfc.o)
                0x00007724                NOROM_RFCRfTrimSet
 .text.NOROM_RFCRTrim
                0x00007744      0x104 /mnt/nas/0000_cloude/cc1310/upgrade/gcc/simplelink_cc13x0_sdk_4_20_02_07/source/ti/devices/cc13x0/driverlib/bin/gcc/driverlib.lib(rfc.o)
                0x00007744                NOROM_RFCRTrim
 .text.NOROM_RFCOverrideUpdate
                0x00007848        0x4 /mnt/nas/0000_cloude/cc1310/upgrade/gcc/simplelink_cc13x0_sdk_4_20_02_07/source/ti/devices/cc13x0/driverlib/bin/gcc/driverlib.lib(rfc.o)
                0x00007848                NOROM_RFCOverrideUpdate
 .text.NOROM_RFCAdi3VcoLdoVoltageMode
                0x0000784c       0x1c /mnt/nas/0000_cloude/cc1310/upgrade/gcc/simplelink_cc13x0_sdk_4_20_02_07/source/ti/devices/cc13x0/driverlib/bin/gcc/driverlib.lib(rfc.o)
                0x0000784c                NOROM_RFCAdi3VcoLdoVoltageMode
 .text.NOROM_AONRTCCurrentCompareValueGet
                0x00007868       0x20 /mnt/nas/0000_cloude/cc1310/upgrade/gcc/simplelink_cc13x0_sdk_4_20_02_07/source/ti/devices/cc13x0/driverlib/bin/gcc/driverlib.lib(aon_rtc.o)
                0x00007868                NOROM_AONRTCCurrentCompareValueGet
 .text.NOROM_AONRTCCurrent64BitValueGet
                0x00007888       0x1c /mnt/nas/0000_cloude/cc1310/upgrade/gcc/simplelink_cc13x0_sdk_4_20_02_07/source/ti/devices/cc13x0/driverlib/bin/gcc/driverlib.lib(aon_rtc.o)
                0x00007888                NOROM_AONRTCCurrent64BitValueGet
 .text.NOROM_SetupSetVddrLevel
                0x000078a4       0x78 /mnt/nas/0000_cloude/cc1310/upgrade/gcc/simplelink_cc13x0_sdk_4_20_02_07/source/ti/devices/cc13x0/driverlib/bin/gcc/driverlib.lib(setup_rom.o)
                0x000078a4                NOROM_SetupSetVddrLevel
 .text.NOROM_SetupAfterColdResetWakeupFromShutDownCfg1
                0x0000791c       0xac /mnt/nas/0000_cloude/cc1310/upgrade/gcc/simplelink_cc13x0_sdk_4_20_02_07/source/ti/devices/cc13x0/driverlib/bin/gcc/driverlib.lib(setup_rom.o)
                0x0000791c                NOROM_SetupAfterColdResetWakeupFromShutDownCfg1
 .text.NOROM_SetupGetTrimForAnabypassValue1
                0x000079c8       0x5c /mnt/nas/0000_cloude/cc1310/upgrade/gcc/simplelink_cc13x0_sdk_4_20_02_07/source/ti/devices/cc13x0/driverlib/bin/gcc/driverlib.lib(setup_rom.o)
                0x000079c8                NOROM_SetupGetTrimForAnabypassValue1
 .text.NOROM_SetupGetTrimForRcOscLfRtuneCtuneTrim
                0x00007a24       0x18 /mnt/nas/0000_cloude/cc1310/upgrade/gcc/simplelink_cc13x0_sdk_4_20_02_07/source/ti/devices/cc13x0/driverlib/bin/gcc/driverlib.lib(setup_rom.o)
                0x00007a24                NOROM_SetupGetTrimForRcOscLfRtuneCtuneTrim
 .text.NOROM_SetupGetTrimForAmpcompCtrl
                0x00007a3c       0x54 /mnt/nas/0000_cloude/cc1310/upgrade/gcc/simplelink_cc13x0_sdk_4_20_02_07/source/ti/devices/cc13x0/driverlib/bin/gcc/driverlib.lib(setup_rom.o)
                0x00007a3c                NOROM_SetupGetTrimForAmpcompCtrl
 .text.NOROM_SetupGetTrimForDblrLoopFilterResetVoltage
                0x00007a90       0x14 /mnt/nas/0000_cloude/cc1310/upgrade/gcc/simplelink_cc13x0_sdk_4_20_02_07/source/ti/devices/cc13x0/driverlib/bin/gcc/driverlib.lib(setup_rom.o)
                0x00007a90                NOROM_SetupGetTrimForDblrLoopFilterResetVoltage
 .text.NOROM_SetupGetTrimForAdcShModeEn
                0x00007aa4       0x14 /mnt/nas/0000_cloude/cc1310/upgrade/gcc/simplelink_cc13x0_sdk_4_20_02_07/source/ti/devices/cc13x0/driverlib/bin/gcc/driverlib.lib(setup_rom.o)
                0x00007aa4                NOROM_SetupGetTrimForAdcShModeEn
 .text.NOROM_SetupGetTrimForAdcShVbufEn
                0x00007ab8       0x14 /mnt/nas/0000_cloude/cc1310/upgrade/gcc/simplelink_cc13x0_sdk_4_20_02_07/source/ti/devices/cc13x0/driverlib/bin/gcc/driverlib.lib(setup_rom.o)
                0x00007ab8                NOROM_SetupGetTrimForAdcShVbufEn
 .text.NOROM_SetupGetTrimForXoscHfCtl
                0x00007acc       0x28 /mnt/nas/0000_cloude/cc1310/upgrade/gcc/simplelink_cc13x0_sdk_4_20_02_07/source/ti/devices/cc13x0/driverlib/bin/gcc/driverlib.lib(setup_rom.o)
                0x00007acc                NOROM_SetupGetTrimForXoscHfCtl
 .text.NOROM_SetupGetTrimForXoscHfFastStart
                0x00007af4       0x10 /mnt/nas/0000_cloude/cc1310/upgrade/gcc/simplelink_cc13x0_sdk_4_20_02_07/source/ti/devices/cc13x0/driverlib/bin/gcc/driverlib.lib(setup_rom.o)
                0x00007af4                NOROM_SetupGetTrimForXoscHfFastStart
 .text.NOROM_SetupGetTrimForRadcExtCfg
                0x00007b04       0x28 /mnt/nas/0000_cloude/cc1310/upgrade/gcc/simplelink_cc13x0_sdk_4_20_02_07/source/ti/devices/cc13x0/driverlib/bin/gcc/driverlib.lib(setup_rom.o)
                0x00007b04                NOROM_SetupGetTrimForRadcExtCfg
 .text.NOROM_SetupGetTrimForRcOscLfIBiasTrim
                0x00007b2c       0x14 /mnt/nas/0000_cloude/cc1310/upgrade/gcc/simplelink_cc13x0_sdk_4_20_02_07/source/ti/devices/cc13x0/driverlib/bin/gcc/driverlib.lib(setup_rom.o)
                0x00007b2c                NOROM_SetupGetTrimForRcOscLfIBiasTrim
 .text.NOROM_SetupGetTrimForXoscLfRegulatorAndCmirrwrRatio
                0x00007b40       0x14 /mnt/nas/0000_cloude/cc1310/upgrade/gcc/simplelink_cc13x0_sdk_4_20_02_07/source/ti/devices/cc13x0/driverlib/bin/gcc/driverlib.lib(setup_rom.o)
                0x00007b40                NOROM_SetupGetTrimForXoscLfRegulatorAndCmirrwrRatio
 .text.NOROM_SetupAfterColdResetWakeupFromShutDownCfg2
                0x00007b54      0x124 /mnt/nas/0000_cloude/cc1310/upgrade/gcc/simplelink_cc13x0_sdk_4_20_02_07/source/ti/devices/cc13x0/driverlib/bin/gcc/driverlib.lib(setup_rom.o)
                0x00007b54                NOROM_SetupAfterColdResetWakeupFromShutDownCfg2
 .text.NOROM_SetupSetCacheModeAccordingToCcfgSetting
                0x00007c78       0x6c /mnt/nas/0000_cloude/cc1310/upgrade/gcc/simplelink_cc13x0_sdk_4_20_02_07/source/ti/devices/cc13x0/driverlib/bin/gcc/driverlib.lib(setup_rom.o)
                0x00007c78                NOROM_SetupSetCacheModeAccordingToCcfgSetting
 .text.NOROM_SetupSetAonRtcSubSecInc
                0x00007ce4       0x28 /mnt/nas/0000_cloude/cc1310/upgrade/gcc/simplelink_cc13x0_sdk_4_20_02_07/source/ti/devices/cc13x0/driverlib/bin/gcc/driverlib.lib(setup_rom.o)
                0x00007ce4                NOROM_SetupSetAonRtcSubSecInc
 .text.NOROM_SetupAfterColdResetWakeupFromShutDownCfg3
                0x00007d0c      0x14c /mnt/nas/0000_cloude/cc1310/upgrade/gcc/simplelink_cc13x0_sdk_4_20_02_07/source/ti/devices/cc13x0/driverlib/bin/gcc/driverlib.lib(setup_rom.o)
                0x00007d0c                NOROM_SetupAfterColdResetWakeupFromShutDownCfg3
 .text.IntDefaultHandler
                0x00007e58        0x2 /mnt/nas/0000_cloude/cc1310/upgrade/gcc/simplelink_cc13x0_sdk_4_20_02_07/source/ti/devices/cc13x0/driverlib/bin/gcc/driverlib.lib(interrupt.o)
 *fill*         0x00007e5a        0x2 
 .text.NOROM_IntRegister
                0x00007e5c       0x34 /mnt/nas/0000_cloude/cc1310/upgrade/gcc/simplelink_cc13x0_sdk_4_20_02_07/source/ti/devices/cc13x0/driverlib/bin/gcc/driverlib.lib(interrupt.o)
                0x00007e5c                NOROM_IntRegister
 .text.NOROM_IntUnregister
                0x00007e90       0x14 /mnt/nas/0000_cloude/cc1310/upgrade/gcc/simplelink_cc13x0_sdk_4_20_02_07/source/ti/devices/cc13x0/driverlib/bin/gcc/driverlib.lib(interrupt.o)
                0x00007e90                NOROM_IntUnregister
 .text.NOROM_OSCClockSourceSet
                0x00007ea4       0x5c /mnt/nas/0000_cloude/cc1310/upgrade/gcc/simplelink_cc13x0_sdk_4_20_02_07/source/ti/devices/cc13x0/driverlib/bin/gcc/driverlib.lib(osc.o)
                0x00007ea4                NOROM_OSCClockSourceSet
 .text.NOROM_OSCClockSourceGet
                0x00007f00       0x2c /mnt/nas/0000_cloude/cc1310/upgrade/gcc/simplelink_cc13x0_sdk_4_20_02_07/source/ti/devices/cc13x0/driverlib/bin/gcc/driverlib.lib(osc.o)
                0x00007f00                NOROM_OSCClockSourceGet
 .text.NOROM_OSCHF_TurnOnXosc
                0x00007f2c       0x18 /mnt/nas/0000_cloude/cc1310/upgrade/gcc/simplelink_cc13x0_sdk_4_20_02_07/source/ti/devices/cc13x0/driverlib/bin/gcc/driverlib.lib(osc.o)
                0x00007f2c                NOROM_OSCHF_TurnOnXosc
 .text.NOROM_OSCHF_AttemptToSwitchToXosc
                0x00007f44       0x64 /mnt/nas/0000_cloude/cc1310/upgrade/gcc/simplelink_cc13x0_sdk_4_20_02_07/source/ti/devices/cc13x0/driverlib/bin/gcc/driverlib.lib(osc.o)
                0x00007f44                NOROM_OSCHF_AttemptToSwitchToXosc
 .text.NOROM_OSCHF_SwitchToRcOscTurnOffXosc
                0x00007fa8       0x34 /mnt/nas/0000_cloude/cc1310/upgrade/gcc/simplelink_cc13x0_sdk_4_20_02_07/source/ti/devices/cc13x0/driverlib/bin/gcc/driverlib.lib(osc.o)
                0x00007fa8                NOROM_OSCHF_SwitchToRcOscTurnOffXosc
 .text.NOROM_OSC_HPOSCRelativeFrequencyOffsetGet
                0x00007fdc       0x3c /mnt/nas/0000_cloude/cc1310/upgrade/gcc/simplelink_cc13x0_sdk_4_20_02_07/source/ti/devices/cc13x0/driverlib/bin/gcc/driverlib.lib(osc.o)
                0x00007fdc                NOROM_OSC_HPOSCRelativeFrequencyOffsetGet
 .text.NOROM_OSC_HPOSCRelativeFrequencyOffsetToRFCoreFormatConvert
                0x00008018        0xc /mnt/nas/0000_cloude/cc1310/upgrade/gcc/simplelink_cc13x0_sdk_4_20_02_07/source/ti/devices/cc13x0/driverlib/bin/gcc/driverlib.lib(osc.o)
                0x00008018                NOROM_OSC_HPOSCRelativeFrequencyOffsetToRFCoreFormatConvert
 .text.NOROM_AONBatMonTemperatureGetDegC
                0x00008024       0x30 /mnt/nas/0000_cloude/cc1310/upgrade/gcc/simplelink_cc13x0_sdk_4_20_02_07/source/ti/devices/cc13x0/driverlib/bin/gcc/driverlib.lib(aon_batmon.o)
                0x00008024                NOROM_AONBatMonTemperatureGetDegC
 .text.SafeHapiVoid
                0x00008054       0x28 /mnt/nas/0000_cloude/cc1310/upgrade/gcc/simplelink_cc13x0_sdk_4_20_02_07/source/ti/devices/cc13x0/driverlib/bin/gcc/driverlib.lib(adi.o)
                0x00008054                SafeHapiVoid
 .text.NOROM_VIMSModeGet
                0x0000807c        0xe /mnt/nas/0000_cloude/cc1310/upgrade/gcc/simplelink_cc13x0_sdk_4_20_02_07/source/ti/devices/cc13x0/driverlib/bin/gcc/driverlib.lib(vims.o)
                0x0000807c                NOROM_VIMSModeGet
 *fill*         0x0000808a        0x2 
 .text.AuxAdiDdiSafeWrite.constprop.1
                0x0000808c       0x28 /mnt/nas/0000_cloude/cc1310/upgrade/gcc/simplelink_cc13x0_sdk_4_20_02_07/source/ti/devices/cc13x0/driverlib/bin/gcc/driverlib.lib(ddi.o)
 .text.NOROM_DDI32RegWrite
                0x000080b4        0x8 /mnt/nas/0000_cloude/cc1310/upgrade/gcc/simplelink_cc13x0_sdk_4_20_02_07/source/ti/devices/cc13x0/driverlib/bin/gcc/driverlib.lib(ddi.o)
                0x000080b4                NOROM_DDI32RegWrite
 .text.__udivmoddi4
                0x000080bc      0x2b8 /mnt/nas/0000_cloude/cc1310/upgrade/gcc/arm-gnu-toolchain-12.3.rel1-x86_64-arm-none-eabi/bin/../lib/gcc/arm-none-eabi/12.3.1/thumb/v7-m/nofp/libgcc.a(_udivmoddi4.o)
                0x000080bc                __udivmoddi4
 .text.memcpy   0x00008374       0x1c /mnt/nas/0000_cloude/cc1310/upgrade/gcc/arm-gnu-toolchain-12.3.rel1-x86_64-arm-none-eabi/arm-none-eabi/lib/thumb/v7-m/nofp/libc_nano.a(libc_a-memcpy-stub.o)
                0x00008374                memcpy
 .text.malloc   0x00008390       0x10 /mnt/nas/0000_cloude/cc1310/upgrade/gcc/arm-gnu-toolchain-12.3.rel1-x86_64-arm-none-eabi/arm-none-eabi/lib/thumb/v7-m/nofp/libc_nano.a(libc_a-malloc.o)
                0x00008390                malloc
 .text.sbrk_aligned
                0x000083a0       0x44 /mnt/nas/0000_cloude/cc1310/upgrade/gcc/arm-gnu-toolchain-12.3.rel1-x86_64-arm-none-eabi/arm-none-eabi/lib/thumb/v7-m/nofp/libc_nano.a(libc_a-mallocr.o)
 .text._malloc_r
                0x000083e4      0x100 /mnt/nas/0000_cloude/cc1310/upgrade/gcc/arm-gnu-toolchain-12.3.rel1-x86_64-arm-none-eabi/arm-none-eabi/lib/thumb/v7-m/nofp/libc_nano.a(libc_a-mallocr.o)
                0x000083e4                _malloc_r
 .text.__malloc_lock
                0x000084e4        0xc /mnt/nas/0000_cloude/cc1310/upgrade/gcc/arm-gnu-toolchain-12.3.rel1-x86_64-arm-none-eabi/arm-none-eabi/lib/thumb/v7-m/nofp/libc_nano.a(libc_a-mlock.o)
                0x000084e4                __malloc_lock
 .text.__malloc_unlock
                0x000084f0        0xc /mnt/nas/0000_cloude/cc1310/upgrade/gcc/arm-gnu-toolchain-12.3.rel1-x86_64-arm-none-eabi/arm-none-eabi/lib/thumb/v7-m/nofp/libc_nano.a(libc_a-mlock.o)
                0x000084f0                __malloc_unlock
 .text.rand     0x000084fc       0x7c /mnt/nas/0000_cloude/cc1310/upgrade/gcc/arm-gnu-toolchain-12.3.rel1-x86_64-arm-none-eabi/arm-none-eabi/lib/thumb/v7-m/nofp/libc_nano.a(libc_a-rand.o)
                0x000084fc                rand
 .text._sbrk_r  0x00008578       0x20 /mnt/nas/0000_cloude/cc1310/upgrade/gcc/arm-gnu-toolchain-12.3.rel1-x86_64-arm-none-eabi/arm-none-eabi/lib/thumb/v7-m/nofp/libc_nano.a(libc_a-sbrkr.o)
                0x00008578                _sbrk_r
 .text.memset   0x00008598       0x10 /mnt/nas/0000_cloude/cc1310/upgrade/gcc/arm-gnu-toolchain-12.3.rel1-x86_64-arm-none-eabi/arm-none-eabi/lib/thumb/v7-m/nofp/libc_nano.a(libc_a-memset.o)
                0x00008598                memset
 .text._free_r  0x000085a8       0x90 /mnt/nas/0000_cloude/cc1310/upgrade/gcc/arm-gnu-toolchain-12.3.rel1-x86_64-arm-none-eabi/arm-none-eabi/lib/thumb/v7-m/nofp/libc_nano.a(libc_a-freer.o)
                0x000085a8                _free_r
 .text.__retarget_lock_init_recursive
                0x00008638        0x2 /mnt/nas/0000_cloude/cc1310/upgrade/gcc/arm-gnu-toolchain-12.3.rel1-x86_64-arm-none-eabi/arm-none-eabi/lib/thumb/v7-m/nofp/libc_nano.a(libc_a-lock.o)
                0x00008638                __retarget_lock_init_recursive
 .text.__retarget_lock_acquire_recursive
                0x0000863a        0x2 /mnt/nas/0000_cloude/cc1310/upgrade/gcc/arm-gnu-toolchain-12.3.rel1-x86_64-arm-none-eabi/arm-none-eabi/lib/thumb/v7-m/nofp/libc_nano.a(libc_a-lock.o)
                0x0000863a                __retarget_lock_acquire_recursive
 .text.__retarget_lock_release_recursive
                0x0000863c        0x2 /mnt/nas/0000_cloude/cc1310/upgrade/gcc/arm-gnu-toolchain-12.3.rel1-x86_64-arm-none-eabi/arm-none-eabi/lib/thumb/v7-m/nofp/libc_nano.a(libc_a-lock.o)
                0x0000863c                __retarget_lock_release_recursive
 *fill*         0x0000863e        0x2 
 .text.__assert_func
                0x00008640       0x3c /mnt/nas/0000_cloude/cc1310/upgrade/gcc/arm-gnu-toolchain-12.3.rel1-x86_64-arm-none-eabi/arm-none-eabi/lib/thumb/v7-m/nofp/libc_nano.a(libc_a-assert.o)
                0x00008640                __assert_func
 .text.fprintf  0x0000867c       0x24 /mnt/nas/0000_cloude/cc1310/upgrade/gcc/arm-gnu-toolchain-12.3.rel1-x86_64-arm-none-eabi/arm-none-eabi/lib/thumb/v7-m/nofp/libc_nano.a(libc_a-fprintf.o)
                0x0000867c                fprintf
                0x0000867c                fiprintf
 .text.__sfputc_r
                0x000086a0       0x2a /mnt/nas/0000_cloude/cc1310/upgrade/gcc/arm-gnu-toolchain-12.3.rel1-x86_64-arm-none-eabi/arm-none-eabi/lib/thumb/v7-m/nofp/libc_nano.a(libc_a-nano-vfprintf.o)
 .text.__sfputs_r
                0x000086ca       0x24 /mnt/nas/0000_cloude/cc1310/upgrade/gcc/arm-gnu-toolchain-12.3.rel1-x86_64-arm-none-eabi/arm-none-eabi/lib/thumb/v7-m/nofp/libc_nano.a(libc_a-nano-vfprintf.o)
                0x000086ca                __sfputs_r
 *fill*         0x000086ee        0x2 
 .text._vfprintf_r
                0x000086f0      0x230 /mnt/nas/0000_cloude/cc1310/upgrade/gcc/arm-gnu-toolchain-12.3.rel1-x86_64-arm-none-eabi/arm-none-eabi/lib/thumb/v7-m/nofp/libc_nano.a(libc_a-nano-vfprintf.o)
                0x000086f0                _vfiprintf_r
                0x000086f0                _vfprintf_r
 .text.__swbuf_r
                0x00008920       0x7c /mnt/nas/0000_cloude/cc1310/upgrade/gcc/arm-gnu-toolchain-12.3.rel1-x86_64-arm-none-eabi/arm-none-eabi/lib/thumb/v7-m/nofp/libc_nano.a(libc_a-wbuf.o)
                0x00008920                __swbuf_r
 .text.__swsetup_r
                0x0000899c       0xac /mnt/nas/0000_cloude/cc1310/upgrade/gcc/arm-gnu-toolchain-12.3.rel1-x86_64-arm-none-eabi/arm-none-eabi/lib/thumb/v7-m/nofp/libc_nano.a(libc_a-wsetup.o)
                0x0000899c                __swsetup_r
 .text._printf_common
                0x00008a48       0xe4 /mnt/nas/0000_cloude/cc1310/upgrade/gcc/arm-gnu-toolchain-12.3.rel1-x86_64-arm-none-eabi/arm-none-eabi/lib/thumb/v7-m/nofp/libc_nano.a(libc_a-nano-vfprintf_i.o)
                0x00008a48                _printf_common
 .text._printf_i
                0x00008b2c      0x258 /mnt/nas/0000_cloude/cc1310/upgrade/gcc/arm-gnu-toolchain-12.3.rel1-x86_64-arm-none-eabi/arm-none-eabi/lib/thumb/v7-m/nofp/libc_nano.a(libc_a-nano-vfprintf_i.o)
                0x00008b2c                _printf_i
 .text.__sflush_r
                0x00008d84      0x100 /mnt/nas/0000_cloude/cc1310/upgrade/gcc/arm-gnu-toolchain-12.3.rel1-x86_64-arm-none-eabi/arm-none-eabi/lib/thumb/v7-m/nofp/libc_nano.a(libc_a-fflush.o)
                0x00008d84                __sflush_r
 .text._fflush_r
                0x00008e84       0x50 /mnt/nas/0000_cloude/cc1310/upgrade/gcc/arm-gnu-toolchain-12.3.rel1-x86_64-arm-none-eabi/arm-none-eabi/lib/thumb/v7-m/nofp/libc_nano.a(libc_a-fflush.o)
                0x00008e84                _fflush_r
 .text.memchr   0x00008ed4       0x1c /mnt/nas/0000_cloude/cc1310/upgrade/gcc/arm-gnu-toolchain-12.3.rel1-x86_64-arm-none-eabi/arm-none-eabi/lib/thumb/v7-m/nofp/libc_nano.a(libc_a-memchr-stub.o)
                0x00008ed4                memchr
 .text.abort    0x00008ef0        0xe /mnt/nas/0000_cloude/cc1310/upgrade/gcc/arm-gnu-toolchain-12.3.rel1-x86_64-arm-none-eabi/arm-none-eabi/lib/thumb/v7-m/nofp/libc_nano.a(libc_a-abort.o)
                0x00008ef0                abort
 *fill*         0x00008efe        0x2 
 .text.std      0x00008f00       0x6c /mnt/nas/0000_cloude/cc1310/upgrade/gcc/arm-gnu-toolchain-12.3.rel1-x86_64-arm-none-eabi/arm-none-eabi/lib/thumb/v7-m/nofp/libc_nano.a(libc_a-findfp.o)
 .text.stdio_exit_handler
                0x00008f6c       0x18 /mnt/nas/0000_cloude/cc1310/upgrade/gcc/arm-gnu-toolchain-12.3.rel1-x86_64-arm-none-eabi/arm-none-eabi/lib/thumb/v7-m/nofp/libc_nano.a(libc_a-findfp.o)
 .text.cleanup_stdio
                0x00008f84       0x40 /mnt/nas/0000_cloude/cc1310/upgrade/gcc/arm-gnu-toolchain-12.3.rel1-x86_64-arm-none-eabi/arm-none-eabi/lib/thumb/v7-m/nofp/libc_nano.a(libc_a-findfp.o)
 .text.global_stdio_init.part.0
                0x00008fc4       0x3c /mnt/nas/0000_cloude/cc1310/upgrade/gcc/arm-gnu-toolchain-12.3.rel1-x86_64-arm-none-eabi/arm-none-eabi/lib/thumb/v7-m/nofp/libc_nano.a(libc_a-findfp.o)
 .text.__sfp_lock_acquire
                0x00009000        0xc /mnt/nas/0000_cloude/cc1310/upgrade/gcc/arm-gnu-toolchain-12.3.rel1-x86_64-arm-none-eabi/arm-none-eabi/lib/thumb/v7-m/nofp/libc_nano.a(libc_a-findfp.o)
                0x00009000                __sfp_lock_acquire
 .text.__sfp_lock_release
                0x0000900c        0xc /mnt/nas/0000_cloude/cc1310/upgrade/gcc/arm-gnu-toolchain-12.3.rel1-x86_64-arm-none-eabi/arm-none-eabi/lib/thumb/v7-m/nofp/libc_nano.a(libc_a-findfp.o)
                0x0000900c                __sfp_lock_release
 .text.__sinit  0x00009018       0x30 /mnt/nas/0000_cloude/cc1310/upgrade/gcc/arm-gnu-toolchain-12.3.rel1-x86_64-arm-none-eabi/arm-none-eabi/lib/thumb/v7-m/nofp/libc_nano.a(libc_a-findfp.o)
                0x00009018                __sinit
 .text.__sread  0x00009048       0x22 /mnt/nas/0000_cloude/cc1310/upgrade/gcc/arm-gnu-toolchain-12.3.rel1-x86_64-arm-none-eabi/arm-none-eabi/lib/thumb/v7-m/nofp/libc_nano.a(libc_a-stdio.o)
                0x00009048                __sread
 .text.__swrite
                0x0000906a       0x38 /mnt/nas/0000_cloude/cc1310/upgrade/gcc/arm-gnu-toolchain-12.3.rel1-x86_64-arm-none-eabi/arm-none-eabi/lib/thumb/v7-m/nofp/libc_nano.a(libc_a-stdio.o)
                0x0000906a                __swrite
 .text.__sseek  0x000090a2       0x24 /mnt/nas/0000_cloude/cc1310/upgrade/gcc/arm-gnu-toolchain-12.3.rel1-x86_64-arm-none-eabi/arm-none-eabi/lib/thumb/v7-m/nofp/libc_nano.a(libc_a-stdio.o)
                0x000090a2                __sseek
 .text.__sclose
                0x000090c6        0x8 /mnt/nas/0000_cloude/cc1310/upgrade/gcc/arm-gnu-toolchain-12.3.rel1-x86_64-arm-none-eabi/arm-none-eabi/lib/thumb/v7-m/nofp/libc_nano.a(libc_a-stdio.o)
                0x000090c6                __sclose
 *fill*         0x000090ce        0x2 
 .text._write_r
                0x000090d0       0x24 /mnt/nas/0000_cloude/cc1310/upgrade/gcc/arm-gnu-toolchain-12.3.rel1-x86_64-arm-none-eabi/arm-none-eabi/lib/thumb/v7-m/nofp/libc_nano.a(libc_a-writer.o)
                0x000090d0                _write_r
 .text._fwalk_sglue
                0x000090f4       0x3c /mnt/nas/0000_cloude/cc1310/upgrade/gcc/arm-gnu-toolchain-12.3.rel1-x86_64-arm-none-eabi/arm-none-eabi/lib/thumb/v7-m/nofp/libc_nano.a(libc_a-fwalk.o)
                0x000090f4                _fwalk_sglue
 .text.__swhatbuf_r
                0x00009130       0x4a /mnt/nas/0000_cloude/cc1310/upgrade/gcc/arm-gnu-toolchain-12.3.rel1-x86_64-arm-none-eabi/arm-none-eabi/lib/thumb/v7-m/nofp/libc_nano.a(libc_a-makebuf.o)
                0x00009130                __swhatbuf_r
 .text.__smakebuf_r
                0x0000917a       0x78 /mnt/nas/0000_cloude/cc1310/upgrade/gcc/arm-gnu-toolchain-12.3.rel1-x86_64-arm-none-eabi/arm-none-eabi/lib/thumb/v7-m/nofp/libc_nano.a(libc_a-makebuf.o)
                0x0000917a                __smakebuf_r
 *fill*         0x000091f2        0x2 
 .text._close_r
                0x000091f4       0x20 /mnt/nas/0000_cloude/cc1310/upgrade/gcc/arm-gnu-toolchain-12.3.rel1-x86_64-arm-none-eabi/arm-none-eabi/lib/thumb/v7-m/nofp/libc_nano.a(libc_a-closer.o)
                0x000091f4                _close_r
 .text._raise_r
                0x00009214       0x50 /mnt/nas/0000_cloude/cc1310/upgrade/gcc/arm-gnu-toolchain-12.3.rel1-x86_64-arm-none-eabi/arm-none-eabi/lib/thumb/v7-m/nofp/libc_nano.a(libc_a-signal.o)
                0x00009214                _raise_r
 .text.raise    0x00009264       0x10 /mnt/nas/0000_cloude/cc1310/upgrade/gcc/arm-gnu-toolchain-12.3.rel1-x86_64-arm-none-eabi/arm-none-eabi/lib/thumb/v7-m/nofp/libc_nano.a(libc_a-signal.o)
                0x00009264                raise
 .text._fstat_r
                0x00009274       0x24 /mnt/nas/0000_cloude/cc1310/upgrade/gcc/arm-gnu-toolchain-12.3.rel1-x86_64-arm-none-eabi/arm-none-eabi/lib/thumb/v7-m/nofp/libc_nano.a(libc_a-fstatr.o)
                0x00009274                _fstat_r
 .text._isatty_r
                0x00009298       0x20 /mnt/nas/0000_cloude/cc1310/upgrade/gcc/arm-gnu-toolchain-12.3.rel1-x86_64-arm-none-eabi/arm-none-eabi/lib/thumb/v7-m/nofp/libc_nano.a(libc_a-isattyr.o)
                0x00009298                _isatty_r
 .text._lseek_r
                0x000092b8       0x24 /mnt/nas/0000_cloude/cc1310/upgrade/gcc/arm-gnu-toolchain-12.3.rel1-x86_64-arm-none-eabi/arm-none-eabi/lib/thumb/v7-m/nofp/libc_nano.a(libc_a-lseekr.o)
                0x000092b8                _lseek_r
 .text._read_r  0x000092dc       0x24 /mnt/nas/0000_cloude/cc1310/upgrade/gcc/arm-gnu-toolchain-12.3.rel1-x86_64-arm-none-eabi/arm-none-eabi/lib/thumb/v7-m/nofp/libc_nano.a(libc_a-readr.o)
                0x000092dc                _read_r
 .text._kill_r  0x00009300       0x24 /mnt/nas/0000_cloude/cc1310/upgrade/gcc/arm-gnu-toolchain-12.3.rel1-x86_64-arm-none-eabi/arm-none-eabi/lib/thumb/v7-m/nofp/libc_nano.a(libc_a-signalr.o)
                0x00009300                _kill_r
 .text._getpid_r
                0x00009324        0x4 /mnt/nas/0000_cloude/cc1310/upgrade/gcc/arm-gnu-toolchain-12.3.rel1-x86_64-arm-none-eabi/arm-none-eabi/lib/thumb/v7-m/nofp/libc_nano.a(libc_a-signalr.o)
                0x00009324                _getpid_r
 .text._close   0x00009328       0x10 /mnt/nas/0000_cloude/cc1310/upgrade/gcc/arm-gnu-toolchain-12.3.rel1-x86_64-arm-none-eabi/arm-none-eabi/lib/thumb/v7-m/nofp/libnosys.a(close.o)
                0x00009328                _close
 .text._fstat   0x00009338       0x10 /mnt/nas/0000_cloude/cc1310/upgrade/gcc/arm-gnu-toolchain-12.3.rel1-x86_64-arm-none-eabi/arm-none-eabi/lib/thumb/v7-m/nofp/libnosys.a(fstat.o)
                0x00009338                _fstat
 .text._getpid  0x00009348       0x10 /mnt/nas/0000_cloude/cc1310/upgrade/gcc/arm-gnu-toolchain-12.3.rel1-x86_64-arm-none-eabi/arm-none-eabi/lib/thumb/v7-m/nofp/libnosys.a(getpid.o)
                0x00009348                _getpid
 .text._isatty  0x00009358       0x10 /mnt/nas/0000_cloude/cc1310/upgrade/gcc/arm-gnu-toolchain-12.3.rel1-x86_64-arm-none-eabi/arm-none-eabi/lib/thumb/v7-m/nofp/libnosys.a(isatty.o)
                0x00009358                _isatty
 .text._kill    0x00009368       0x10 /mnt/nas/0000_cloude/cc1310/upgrade/gcc/arm-gnu-toolchain-12.3.rel1-x86_64-arm-none-eabi/arm-none-eabi/lib/thumb/v7-m/nofp/libnosys.a(kill.o)
                0x00009368                _kill
 .text._lseek   0x00009378       0x10 /mnt/nas/0000_cloude/cc1310/upgrade/gcc/arm-gnu-toolchain-12.3.rel1-x86_64-arm-none-eabi/arm-none-eabi/lib/thumb/v7-m/nofp/libnosys.a(lseek.o)
                0x00009378                _lseek
 .text._read    0x00009388       0x10 /mnt/nas/0000_cloude/cc1310/upgrade/gcc/arm-gnu-toolchain-12.3.rel1-x86_64-arm-none-eabi/arm-none-eabi/lib/thumb/v7-m/nofp/libnosys.a(read.o)
                0x00009388                _read
 .text._sbrk    0x00009398       0x1c /mnt/nas/0000_cloude/cc1310/upgrade/gcc/arm-gnu-toolchain-12.3.rel1-x86_64-arm-none-eabi/arm-none-eabi/lib/thumb/v7-m/nofp/libnosys.a(sbrk.o)
                0x00009398                _sbrk
 .text._write   0x000093b4       0x10 /mnt/nas/0000_cloude/cc1310/upgrade/gcc/arm-gnu-toolchain-12.3.rel1-x86_64-arm-none-eabi/arm-none-eabi/lib/thumb/v7-m/nofp/libnosys.a(write.o)
                0x000093b4                _write
 .text._exit    0x000093c4        0x4 /mnt/nas/0000_cloude/cc1310/upgrade/gcc/arm-gnu-toolchain-12.3.rel1-x86_64-arm-none-eabi/arm-none-eabi/lib/thumb/v7-m/nofp/libnosys.a(_exit.o)
                0x000093c4                _exit
                0x000093c8                        . = ALIGN (0x4)
 *(.ctors)
                0x000093c8                        . = ALIGN (0x4)
 *(.dtors)
                0x000093c8                        . = ALIGN (0x4)
                0x000093c8                        __init_array_start = .
 *(.init_array*)
                0x000093c8                        __init_array_end = .
 *(.init)
 *(.fini*)
                [!provide]                        PROVIDE (__etext = .)
                [!provide]                        PROVIDE (_etext = .)
                [!provide]                        PROVIDE (etext = .)

.glue_7         0x000093c8        0x0
 .glue_7        0x000093c8        0x0 linker stubs

.glue_7t        0x000093c8        0x0
 .glue_7t       0x000093c8        0x0 linker stubs

.vfp11_veneer   0x000093c8        0x0
 .vfp11_veneer  0x000093c8        0x0 linker stubs

.v4_bx          0x000093c8        0x0
 .v4_bx         0x000093c8        0x0 linker stubs

.iplt           0x000093c8        0x0
 .iplt          0x000093c8        0x0 easylink_config.obj

.rodata         0x000093c8     0x340b
 *(.rodata)
 .rodata        0x000093c8      0x284 rfEasyLinkRx_nortos.obj
 .rodata        0x0000964c       0x1c CC1310_LAUNCHXL_fxns.obj
 *(.rodata.*)
 .rodata.EasyLink_numSupportedPhys
                0x00009668        0x1 easylink_config.obj
                0x00009668                EasyLink_numSupportedPhys
 *fill*         0x00009669        0x3 
 .rodata.patchImageGenfsk
                0x0000966c      0x408 smartrf_settings.obj
 .rodata.patchGenfskRfe
                0x00009a74      0x6b4 smartrf_settings.obj
 .rodata.patchImageGenfsk
                0x0000a128      0x408 smartrf_settings_predefined.obj
 .rodata.patchGenfskRfe
                0x0000a530      0x6b4 smartrf_settings_predefined.obj
 .rodata.patchImageLrm
                0x0000abe4      0x408 smartrf_settings_predefined.obj
 .rodata.patchLrmRfe
                0x0000afec      0x6b4 smartrf_settings_predefined.obj
 .rodata.patchImageSlLongrange
                0x0000b6a0      0x408 smartrf_settings_predefined.obj
 .rodata.patchSl_longrangeMce
                0x0000baa8      0x400 smartrf_settings_predefined.obj
 .rodata.patchSl_longrangeRfe
                0x0000bea8      0x6b4 smartrf_settings_predefined.obj
 .rodata.H.0    0x0000c55c       0x11 rfEasyLinkRx_nortos.obj
 *fill*         0x0000c56d        0x3 
 .rodata.BoardGpioInitTable
                0x0000c570       0x2c CC1310_LAUNCHXL.obj
                0x0000c570                BoardGpioInitTable
 .rodata.PINCC26XX_hwAttrs
                0x0000c59c        0x8 CC1310_LAUNCHXL.obj
                0x0000c59c                PINCC26XX_hwAttrs
 .rodata.PowerCC26XX_config
                0x0000c5a4       0x18 CC1310_LAUNCHXL.obj
                0x0000c5a4                PowerCC26XX_config
 .rodata.RFCC26XX_hwAttrs
                0x0000c5bc        0xc CC1310_LAUNCHXL.obj
                0x0000c5bc                RFCC26XX_hwAttrs
 .rodata.uartCC26XXHWAttrs
                0x0000c5c8       0x28 CC1310_LAUNCHXL.obj
                0x0000c5c8                uartCC26XXHWAttrs
 .rodata.UART_config
                0x0000c5f0        0xc CC1310_LAUNCHXL.obj
                0x0000c5f0                UART_config
 .rodata.UART_count
                0x0000c5fc        0x1 CC1310_LAUNCHXL.obj
                0x0000c5fc                UART_count
 *fill*         0x0000c5fd        0x3 
 .rodata.resourceDB
                0x0000c600       0x4c /mnt/nas/0000_cloude/cc1310/upgrade/gcc/simplelink_cc13x0_sdk_4_20_02_07/source/ti/drivers/lib/drivers_cc13x0.am3g(PowerCC26XX.om3g)
                0x0000c600                resourceDB
 .rodata.UART_defaultParams
                0x0000c64c       0x24 /mnt/nas/0000_cloude/cc1310/upgrade/gcc/simplelink_cc13x0_sdk_4_20_02_07/source/ti/drivers/lib/drivers_cc13x0.am3g(UART.om3g)
                0x0000c64c                UART_defaultParams
 .rodata.UARTCC26XX_fxnTable
                0x0000c670       0x28 /mnt/nas/0000_cloude/cc1310/upgrade/gcc/simplelink_cc13x0_sdk_4_20_02_07/source/ti/drivers/lib/drivers_cc13x0.am3g(UARTCC26XX.om3g)
                0x0000c670                UARTCC26XX_fxnTable
 .rodata.dataLength
                0x0000c698       0x10 /mnt/nas/0000_cloude/cc1310/upgrade/gcc/simplelink_cc13x0_sdk_4_20_02_07/source/ti/drivers/lib/drivers_cc13x0.am3g(UARTCC26XX.om3g)
 .rodata.parityType
                0x0000c6a8       0x14 /mnt/nas/0000_cloude/cc1310/upgrade/gcc/simplelink_cc13x0_sdk_4_20_02_07/source/ti/drivers/lib/drivers_cc13x0.am3g(UARTCC26XX.om3g)
 .rodata.rxFifoBytes
                0x0000c6bc        0x6 /mnt/nas/0000_cloude/cc1310/upgrade/gcc/simplelink_cc13x0_sdk_4_20_02_07/source/ti/drivers/lib/drivers_cc13x0.am3g(UARTCC26XX.om3g)
 *fill*         0x0000c6c2        0x2 
 .rodata.rxFifoThreshold
                0x0000c6c4        0x6 /mnt/nas/0000_cloude/cc1310/upgrade/gcc/simplelink_cc13x0_sdk_4_20_02_07/source/ti/drivers/lib/drivers_cc13x0.am3g(UARTCC26XX.om3g)
 *fill*         0x0000c6ca        0x2 
 .rodata.stopBits
                0x0000c6cc        0x8 /mnt/nas/0000_cloude/cc1310/upgrade/gcc/simplelink_cc13x0_sdk_4_20_02_07/source/ti/drivers/lib/drivers_cc13x0.am3g(UARTCC26XX.om3g)
 .rodata.txFifoBytes
                0x0000c6d4        0x6 /mnt/nas/0000_cloude/cc1310/upgrade/gcc/simplelink_cc13x0_sdk_4_20_02_07/source/ti/drivers/lib/drivers_cc13x0.am3g(UARTCC26XX.om3g)
 *fill*         0x0000c6da        0x2 
 .rodata.txFifoThreshold
                0x0000c6dc        0x6 /mnt/nas/0000_cloude/cc1310/upgrade/gcc/simplelink_cc13x0_sdk_4_20_02_07/source/ti/drivers/lib/drivers_cc13x0.am3g(UARTCC26XX.om3g)
 *fill*         0x0000c6e2        0x2 
 .rodata.SwiP_defaultParams
                0x0000c6e4       0x10 /mnt/nas/0000_cloude/cc1310/upgrade/gcc/simplelink_cc13x0_sdk_4_20_02_07/kernel/nortos/lib/nortos_cc13x0.am3g(SwiP_nortos.om3g)
 .rodata.srand.str1.1
                0x0000c6f4       0x70 /mnt/nas/0000_cloude/cc1310/upgrade/gcc/arm-gnu-toolchain-12.3.rel1-x86_64-arm-none-eabi/arm-none-eabi/lib/thumb/v7-m/nofp/libc_nano.a(libc_a-rand.o)
 .rodata.__assert_func.str1.1
                0x0000c764       0x3c /mnt/nas/0000_cloude/cc1310/upgrade/gcc/arm-gnu-toolchain-12.3.rel1-x86_64-arm-none-eabi/arm-none-eabi/lib/thumb/v7-m/nofp/libc_nano.a(libc_a-assert.o)
                                 0x3d (size before relaxing)
 .rodata._vfprintf_r.str1.1
                0x0000c7a0       0x11 /mnt/nas/0000_cloude/cc1310/upgrade/gcc/arm-gnu-toolchain-12.3.rel1-x86_64-arm-none-eabi/arm-none-eabi/lib/thumb/v7-m/nofp/libc_nano.a(libc_a-nano-vfprintf.o)
 .rodata._printf_i.str1.1
                0x0000c7b1       0x22 /mnt/nas/0000_cloude/cc1310/upgrade/gcc/arm-gnu-toolchain-12.3.rel1-x86_64-arm-none-eabi/arm-none-eabi/lib/thumb/v7-m/nofp/libc_nano.a(libc_a-nano-vfprintf_i.o)

.data           0x20000000      0x588 load address 0x0000c7d4
                0x0000c7d4                        __data_load__ = LOADADDR (.data)
                0x20000000                        __data_start__ = .
 *(.data)
 *(.data.*)
 .data.EasyLink_supportedPhys
                0x20000000       0x90 easylink_config.obj
                0x20000000                EasyLink_supportedPhys
 .data.addrSize
                0x20000090        0x1 EasyLink_nortos.obj